Component: ARM Compiler 5.06 update 7 (build 960) Tool: armlink [4d3601]

==============================================================================

Section Cross References

    startup_stm32f051x8.o(STACK) refers (Special) to heapauxi.o(.text) for __use_two_region_memory
    startup_stm32f051x8.o(HEAP) refers (Special) to heapauxi.o(.text) for __use_two_region_memory
    startup_stm32f051x8.o(RESET) refers (Special) to heapauxi.o(.text) for __use_two_region_memory
    startup_stm32f051x8.o(RESET) refers to startup_stm32f051x8.o(STACK) for __initial_sp
    startup_stm32f051x8.o(RESET) refers to startup_stm32f051x8.o(.text) for Reset_Handler
    startup_stm32f051x8.o(RESET) refers to stm32f0xx_it.o(i.NMI_Handler) for NMI_Handler
    startup_stm32f051x8.o(RESET) refers to stm32f0xx_it.o(i.HardFault_Handler) for HardFault_Handler
    startup_stm32f051x8.o(RESET) refers to stm32f0xx_it.o(i.SVC_Handler) for SVC_Handler
    startup_stm32f051x8.o(RESET) refers to stm32f0xx_it.o(i.PendSV_Handler) for PendSV_Handler
    startup_stm32f051x8.o(RESET) refers to stm32f0xx_it.o(i.SysTick_Handler) for SysTick_Handler
    startup_stm32f051x8.o(RESET) refers to stm32f0xx_it.o(i.WWDG_IRQHandler) for WWDG_IRQHandler
    startup_stm32f051x8.o(RESET) refers to stm32f0xx_it.o(i.TIM1_BRK_UP_TRG_COM_IRQHandler) for TIM1_BRK_UP_TRG_COM_IRQHandler
    startup_stm32f051x8.o(RESET) refers to stm32f0xx_it.o(i.USART1_IRQHandler) for USART1_IRQHandler
    startup_stm32f051x8.o(RESET) refers to stm32f0xx_it.o(i.USART2_IRQHandler) for USART2_IRQHandler
    startup_stm32f051x8.o(.text) refers (Special) to heapauxi.o(.text) for __use_two_region_memory
    startup_stm32f051x8.o(.text) refers to system_stm32f0xx.o(i.SystemInit) for SystemInit
    startup_stm32f051x8.o(.text) refers to __main.o(!!!main) for __main
    startup_stm32f051x8.o(.text) refers to startup_stm32f051x8.o(HEAP) for Heap_Mem
    startup_stm32f051x8.o(.text) refers to startup_stm32f051x8.o(STACK) for Stack_Mem
    main.o(i.HAL_TIM_PeriodElapsedCallback) refers to stm32f0xx_hal_gpio.o(i.HAL_GPIO_TogglePin) for HAL_GPIO_TogglePin
    main.o(i.HAL_TIM_PeriodElapsedCallback) refers to stm32f0xx_hal_gpio.o(i.HAL_GPIO_WritePin) for HAL_GPIO_WritePin
    main.o(i.HAL_TIM_PeriodElapsedCallback) refers to stm32f0xx_hal_gpio.o(i.HAL_GPIO_ReadPin) for HAL_GPIO_ReadPin
    main.o(i.HAL_TIM_PeriodElapsedCallback) refers to main.o(.data) for .data
    main.o(i.HAL_UART_RxCpltCallback) refers to strstr.o(.text) for strstr
    main.o(i.HAL_UART_RxCpltCallback) refers to rt_memcpy.o(.text) for __aeabi_memcpy
    main.o(i.HAL_UART_RxCpltCallback) refers to rt_memclr.o(.text) for __aeabi_memclr
    main.o(i.HAL_UART_RxCpltCallback) refers to stm32f0xx_hal_uart.o(i.HAL_UART_Receive_IT) for HAL_UART_Receive_IT
    main.o(i.HAL_UART_RxCpltCallback) refers to main.o(.data) for .data
    main.o(i.HAL_UART_RxCpltCallback) refers to main.o(.bss) for .bss
    main.o(i.HAL_UART_RxCpltCallback) refers to usart.o(.bss) for huart1
    main.o(i.HAL_WWDG_EarlyWakeupCallback) refers to stm32f0xx_hal_wwdg.o(i.HAL_WWDG_Refresh) for HAL_WWDG_Refresh
    main.o(i.HAL_WWDG_EarlyWakeupCallback) refers to main.o(.data) for .data
    main.o(i.SystemClock_Config) refers to rt_memclr.o(.text) for __aeabi_memclr4
    main.o(i.SystemClock_Config) refers to stm32f0xx_hal_rcc.o(i.HAL_RCC_OscConfig) for HAL_RCC_OscConfig
    main.o(i.SystemClock_Config) refers to stm32f0xx_hal_rcc.o(i.HAL_RCC_ClockConfig) for HAL_RCC_ClockConfig
    main.o(i.SystemClock_Config) refers to stm32f0xx_hal_rcc_ex.o(i.HAL_RCCEx_PeriphCLKConfig) for HAL_RCCEx_PeriphCLKConfig
    main.o(i.a9g_start) refers to main.o(i.show_uart) for show_uart
    main.o(i.a9g_start) refers to main.o(i.send_atcammand) for send_atcammand
    main.o(i.a9g_start) refers to stm32f0xx_hal.o(i.HAL_Delay) for HAL_Delay
    main.o(i.a9g_start) refers to stm32f0xx_hal_gpio.o(i.HAL_GPIO_WritePin) for HAL_GPIO_WritePin
    main.o(i.a9g_start) refers to stm32f0xx_hal_gpio.o(i.HAL_GPIO_TogglePin) for HAL_GPIO_TogglePin
    main.o(i.a9g_start) refers to stm32f0xx_hal_iwdg.o(i.HAL_IWDG_Refresh) for HAL_IWDG_Refresh
    main.o(i.a9g_start) refers to main.o(.data) for .data
    main.o(i.a9g_start) refers to iwdg.o(.bss) for hiwdg
    main.o(i.add_member) refers to main.o(i.substring) for substring
    main.o(i.add_member) refers to strcpy.o(.text) for strcpy
    main.o(i.add_member) refers to strcat.o(.text) for strcat
    main.o(i.add_member) refers to strstr.o(.text) for strstr
    main.o(i.add_member) refers to atoi.o(.text) for atoi
    main.o(i.add_member) refers to noretval__2sprintf.o(.text) for __2sprintf
    main.o(i.add_member) refers to main.o(i.show_uart) for show_uart
    main.o(i.add_member) refers to main.o(i.eep_add_memb) for eep_add_memb
    main.o(i.add_member) refers to main.o(i.send_sms) for send_sms
    main.o(i.add_member) refers to stm32f0xx_hal.o(i.HAL_Delay) for HAL_Delay
[...]
    i.change_pass                            0x08004224   Section        0  main.o(i.change_pass)
    i.chek_                                  0x08004390   Section        0  main.o(i.chek_)
    i.chek_a9g_at                            0x08005780   Section        0  main.o(i.chek_a9g_at)
    i.chek_sim                               0x08005938   Section        0  main.o(i.chek_sim)
    i.config                                 0x08005a70   Section        0  main.o(i.config)
    i.ee24_eraseChip                         0x08005e98   Section        0  ee24.o(i.ee24_eraseChip)
    i.ee24_isConnected                       0x08005ee8   Section        0  ee24.o(i.ee24_isConnected)
    i.ee24_read                              0x08005f08   Section        0  ee24.o(i.ee24_read)
    i.ee24_write                             0x08005f44   Section        0  ee24.o(i.ee24_write)
    i.eep_add_memb                           0x08005fc8   Section        0  main.o(i.eep_add_memb)
    i.eeprom_save                            0x08006014   Section        0  main.o(i.eeprom_save)
    i.forget_pass                            0x08006380   Section        0  main.o(i.forget_pass)
    i.input_sms_chek                         0x08006408   Section        0  main.o(i.input_sms_chek)
    i.main                                   0x080064a8   Section        0  main.o(i.main)
    i.map                                    0x08006604   Section        0  main.o(i.map)
    i.map2                                   0x0800662c   Section        0  main.o(i.map2)
    i.power_chek                             0x08006670   Section        0  main.o(i.power_chek)
    i.read_eeprom_                           0x08006ca8   Section        0  main.o(i.read_eeprom_)
    i.reset_                                 0x080074bc   Section        0  main.o(i.reset_)
    i.reset_gps_                             0x0800752c   Section        0  main.o(i.reset_gps_)
    i.reset_network                          0x08007574   Section        0  main.o(i.reset_network)
    i.security_off                           0x08007748   Section        0  main.o(i.security_off)
    i.security_on                            0x08007808   Section        0  main.o(i.security_on)
    i.send_atcammand                         0x08007908   Section        0  main.o(i.send_atcammand)
    i.send_eeprom_server                     0x0800795c   Section        0  main.o(i.send_eeprom_server)
    i.send_location_sms                      0x08007a80   Section        0  main.o(i.send_location_sms)
    i.send_sms                               0x08007be4   Section        0  main.o(i.send_sms)
    i.send_sms_server                        0x08007d9c   Section        0  main.o(i.send_sms_server)
    i.server_eeprom_save                     0x08007dc8   Section        0  main.o(i.server_eeprom_save)
    i.show_uart                              0x08007ef4   Section        0  main.o(i.show_uart)
    i.sleep_                                 0x08007f30   Section        0  main.o(i.sleep_)
    i.sleep_off                              0x08008298   Section        0  main.o(i.sleep_off)
    i.sleep_on                               0x08008364   Section        0  main.o(i.sleep_on)
    i.sleep_on2                              0x08008450   Section        0  main.o(i.sleep_on2)
    i.sms_chek                               0x08008520   Section        0  main.o(i.sms_chek)
    i.speed_off                              0x08008558   Section        0  main.o(i.speed_off)
    i.speed_on                               0x08008620   Section        0  main.o(i.speed_on)
    i.substring                              0x08008724   Section        0  main.o(i.substring)
    i.uart1_                                 0x08008764   Section        0  main.o(i.uart1_)
    locale$$code                             0x0800897c   Section       44  lc_ctype_c.o(locale$$code)
    .constdata                               0x080089a8   Section       16  system_stm32f0xx.o(.constdata)
    .constdata                               0x080089b8   Section        8  system_stm32f0xx.o(.constdata)
    locale$$data                             0x080089e0   Section      272  lc_ctype_c.o(locale$$data)
    __lcctype_c_name                         0x080089e4   Data           2  lc_ctype_c.o(locale$$data)
    __lcctype_c_start                        0x080089ec   Data           0  lc_ctype_c.o(locale$$data)
    __lcctype_c_end                          0x08008af0   Data           0  lc_ctype_c.o(locale$$data)
    .data                                    0x20000000   Section      591  main.o(.data)
    .data                                    0x20000250   Section       12  stm32f0xx_hal.o(.data)
    .data                                    0x2000025c   Section        4  system_stm32f0xx.o(.data)
    .data                                    0x20000260   Section        1  ee24.o(.data)
    .bss                                     0x20000264   Section     4296  main.o(.bss)
    .bss                                     0x2000132c   Section       64  adc.o(.bss)
    .bss                                     0x2000136c   Section       76  i2c.o(.bss)
    .bss                                     0x200013b8   Section       16  iwdg.o(.bss)
    .bss                                     0x200013c8   Section       72  tim.o(.bss)
    .bss                                     0x20001410   Section      264  usart.o(.bss)
    .bss                                     0x20001518   Section       20  wwdg.o(.bss)
    .bss                                     0x2000152c   Section       96  libspace.o(.bss)
    HEAP                                     0x20001590   Section      512  startup_stm32f051x8.o(HEAP)
    Heap_Mem                                 0x20001590   Data         512  startup_stm32f051x8.o(HEAP)
    STACK                                    0x20001790   Section     1024  startup_stm32f051x8.o(STACK)
    Stack_Mem                                0x20001790   Data        1024  startup_stm32f051x8.o(STACK)
    __initial_sp                             0x20001b90   Data           0  startup_stm32f051x8.o(STACK)

    Global Symbols

    Symbol Name                              Value     Ov Type        Size  Object(Section)

    BuildAttributes$$THM_ISAv3M$S$PE$A:L22$X:L11$S22$IEEE1$IW$USESV6$~STKCKD$USESV7$~SHL$OSPACE$ROPI$EBA8$UX$STANDARDLIB$REQ8$PRES8$EABIv2 0x00000000   Number         0  anon$$obj.o ABSOLUTE
    __ARM_use_no_argv                        0x00000000   Number         0  main.o ABSOLUTE
    __ARM_exceptions_init                     - Undefined Weak Reference
    __alloca_initialize                       - Undefined Weak Reference
    __arm_fini_                               - Undefined Weak Reference
    __arm_preinit_                            - Undefined Weak Reference
    __cpp_initialize__aeabi_                  - Undefined Weak Reference
    __cxa_finalize                            - Undefined Weak Reference
    __sigvec_lookup                           - Undefined Weak Reference
    _atexit_init                              - Undefined Weak Reference
    _call_atexit_fns                          - Undefined Weak Reference
    _clock_init                               - Undefined Weak Reference
    _fp_trap_init                             - Undefined Weak Reference
    _fp_trap_shutdown                         - Undefined Weak Reference
    _get_lc_collate                           - Undefined Weak Reference
    _get_lc_monetary                          - Undefined Weak Reference
    _get_lc_numeric                           - Undefined Weak Reference
    _get_lc_time                              - Undefined Weak Reference
    _getenv_init                              - Undefined Weak Reference
    _handle_redirection                       - Undefined Weak Reference
    _init_alloc                               - Undefined Weak Reference
    _init_user_alloc                          - Undefined Weak Reference
    _initio                                   - Undefined Weak Reference
    _printf_mbtowc                            - Undefined Weak Reference
    _printf_post_padding                      - Undefined Weak Reference
    _printf_pre_padding                       - Undefined Weak Reference
    _printf_truncate_signed                   - Undefined Weak Reference
    _printf_truncate_unsigned                 - Undefined Weak Reference
    _rand_init                                - Undefined Weak Reference
    _signal_finish                            - Undefined Weak Reference
    _signal_init                              - Undefined Weak Reference
    _terminate_alloc                          - Undefined Weak Reference
    _terminate_user_alloc                     - Undefined Weak Reference
    _terminateio                              - Undefined Weak Reference
    __Vectors_Size                           0x000000bc   Number         0  startup_stm32f051x8.o ABSOLUTE
    __Vectors                                0x08000000   Data           4  startup_stm32f051x8.o(RESET)
    __Vectors_End                            0x080000bc   Data           0  startup_stm32f051x8.o(RESET)
    __main                                   0x080000bd   Thumb Code     8  __main.o(!!!main)
    __scatterload                            0x080000c5   Thumb Code     0  __scatter.o(!!!scatter)
    __scatterload_rt2                        0x080000c5   Thumb Code    52  __scatter.o(!!!scatter)
    __scatterload_rt2_thumb_only             0x080000c5   Thumb Code     0  __scatter.o(!!!scatter)
    __scatterload_null                       0x080000d5   Thumb Code     0  __scatter.o(!!!scatter)
    __scatterload_zeroinit                   0x08000101   Thumb Code    28  __scatter_zi.o(!!handler_zi)
    _printf_percent                          0x0800011d   Thumb Code     0  _printf_percent.o(.ARM.Collect$$_printf_percent$$00000000)
    _printf_d                                0x0800011f   Thumb Code     0  _printf_d.o(.ARM.Collect$$_printf_percent$$00000009)
    _printf_c                                0x08000129   Thumb Code     0  _printf_c.o(.ARM.Collect$$_printf_percent$$00000013)
    _printf_percent_end                      0x08000133   Thumb Code     0  _printf_percent_end.o(.ARM.Collect$$_printf_percent$$00000017)
    __rt_lib_init                            0x08000137   Thumb Code     0  libinit.o(.ARM.Collect$$libinit$$00000000)
    __rt_lib_init_fp_1                       0x08000139   Thumb Code     0  libinit2.o(.ARM.Collect$$libinit$$00000002)
    __rt_lib_init_heap_1                     0x08000139   Thumb Code     0  libinit2.o(.ARM.Collect$$libinit$$0000000A)
    __rt_lib_init_lc_common                  0x08000139   Thumb Code     0  libinit2.o(.ARM.Collect$$libinit$$0000000F)
    __rt_lib_init_preinit_1                  0x08000139   Thumb Code     0  libinit2.o(.ARM.Collect$$libinit$$00000004)
    __rt_lib_init_rand_1                     0x08000139   Thumb Code     0  libinit2.o(.ARM.Collect$$libinit$$0000000E)
    __rt_lib_init_user_alloc_1               0x08000139   Thumb Code     0  libinit2.o(.ARM.Collect$$libinit$$0000000C)
    __rt_lib_init_lc_collate_1               0x0800013f   Thumb Code     0  libinit2.o(.ARM.Collect$$libinit$$00000011)
    __rt_lib_init_lc_ctype_2                 0x0800013f   Thumb Code     0  libinit2.o(.ARM.Collect$$libinit$$00000012)
    __rt_lib_init_alloca_1                   0x0800014b   Thumb Code     0  libinit2.o(.ARM.Collect$$libinit$$0000002E)
    __rt_lib_init_argv_1                     0x0800014b   Thumb Code     0  libinit2.o(.ARM.Collect$$libinit$$0000002C)
    __rt_lib_init_atexit_1                   0x0800014b   Thumb Code     0  libinit2.o(.ARM.Collect$$libinit$$0000001B)
    __rt_lib_init_clock_1                    0x0800014b   Thumb Code     0  libinit2.o(.ARM.Collect$$libinit$$00000021)
    __rt_lib_init_cpp_1                      0x0800014b   Thumb Code     0  libinit2.o(.ARM.Collect$$libinit$$00000032)
    __rt_lib_init_exceptions_1               0x0800014b   Thumb Code     0  libinit2.o(.ARM.Collect$$libinit$$00000030)
    __rt_lib_init_fp_trap_1                  0x0800014b   Thumb Code     0  libinit2.o(.ARM.Collect$$libinit$$0000001F)
    __rt_lib_init_getenv_1                   0x0800014b   Thumb Code     0  libinit2.o(.ARM.Collect$$libinit$$00000023)
    __rt_lib_init_lc_ctype_1                 0x0800014b   Thumb Code     0  libinit2.o(.ARM.Collect$$libinit$$00000013)
    __rt_lib_init_lc_monetary_1              0x0800014b   Thumb Code     0  libinit2.o(.ARM.Collect$$libinit$$00000015)
    __rt_lib_init_lc_numeric_1               0x0800014b   Thumb Code     0  libinit2.o(.ARM.Collect$$libinit$$00000017)
    __rt_lib_init_lc_time_1                  0x0800014b   Thumb Code     0  libinit2.o(.ARM.Collect$$libinit$$00000019)
    __rt_lib_init_return                     0x0800014b   Thumb Code     0  libinit2.o(.ARM.Collect$$libinit$$00000033)
    __rt_lib_init_signal_1                   0x0800014b   Thumb Code     0  libinit2.o(.ARM.Collect$$libinit$$0000001D)
    __rt_lib_init_stdio_1                    0x0800014b   Thumb Code     0  libinit2.o(.ARM.Collect$$libinit$$00000025)
    __rt_lib_shutdown                        0x0800014d   Thumb Code     0  libshutdown.o(.ARM.Collect$$libshutdown$$00000000)
    __rt_lib_shutdown_cpp_1                  0x0800014f   Thumb Code     0  libshutdown2.o(.ARM.Collect$$libshutdown$$00000004)
    __rt_lib_shutdown_fini_1                 0x0800014f   Thumb Code     0  libshutdown2.o(.ARM.Collect$$libshutdown$$00000002)
    __rt_lib_shutdown_fp_trap_1              0x0800014f   Thumb Code     0  libshutdown2.o(.ARM.Collect$$libshutdown$$00000009)
    __rt_lib_shutdown_heap_1                 0x0800014f   Thumb Code     0  libshutdown2.o(.ARM.Collect$$libshutdown$$00000011)
    __rt_lib_shutdown_return                 0x0800014f   Thumb Code     0  libshutdown2.o(.ARM.Collect$$libshutdown$$00000012)
    __rt_lib_shutdown_signal_1               0x0800014f   Thumb Code     0  libshutdown2.o(.ARM.Collect$$libshutdown$$0000000C)
    __rt_lib_shutdown_stdio_1                0x0800014f   Thumb Code     0  libshutdown2.o(.ARM.Collect$$libshutdown$$00000006)
    __rt_lib_shutdown_user_alloc_1           0x0800014f   Thumb Code     0  libshutdown2.o(.ARM.Collect$$libshutdown$$0000000E)
    __rt_entry                               0x08000151   Thumb Code     0  __rtentry.o(.ARM.Collect$$rtentry$$00000000)
    __rt_entry_presh_1                       0x08000151   Thumb Code     0  __rtentry2.o(.ARM.Collect$$rtentry$$00000002)
    __rt_entry_sh                            0x08000151   Thumb Code     0  __rtentry4.o(.ARM.Collect$$rtentry$$00000004)
    __rt_entry_li                            0x08000157   Thumb Code     0  __rtentry2.o(.ARM.Collect$$rtentry$$0000000A)
    __rt_entry_postsh_1                      0x08000157   Thumb Code     0  __rtentry2.o(.ARM.Collect$$rtentry$$00000009)
    __rt_entry_main                          0x0800015b   Thumb Code     0  __rtentry2.o(.ARM.Collect$$rtentry$$0000000D)
    __rt_entry_postli_1                      0x0800015b   Thumb Code     0  __rtentry2.o(.ARM.Collect$$rtentry$$0000000C)
    __rt_exit                                0x08000163   Thumb Code     0  rtexit.o(.ARM.Collect$$rtexit$$00000000)
    __rt_exit_ls                             0x08000165   Thumb Code     0  rtexit2.o(.ARM.Collect$$rtexit$$00000003)
    __rt_exit_prels_1                        0x08000165   Thumb Code     0  rtexit2.o(.ARM.Collect$$rtexit$$00000002)
    __rt_exit_exit                           0x08000169   Thumb Code     0  rtexit2.o(.ARM.Collect$$rtexit$$00000004)
    __aeabi_memcpy4                          0x08000171   Thumb Code    56  rt_memcpy.o(.emb_text)
    __aeabi_memcpy8                          0x08000171   Thumb Code     0  rt_memcpy.o(.emb_text)
    Reset_Handler                            0x080001a9   Thumb Code     8  startup_stm32f051x8.o(.text)
    ADC1_COMP_IRQHandler                     0x080001bb   Thumb Code     0  startup_stm32f051x8.o(.text)
    CEC_IRQHandler                           0x080001bb   Thumb Code     0  startup_stm32f051x8.o(.text)
    DMA1_Channel1_IRQHandler                 0x080001bb   Thumb Code     0  startup_stm32f051x8.o(.text)
    DMA1_Channel2_3_IRQHandler               0x080001bb   Thumb Code     0  startup_stm32f051x8.o(.text)
    DMA1_Channel4_5_IRQHandler               0x080001bb   Thumb Code     0  startup_stm32f051x8.o(.text)
    EXTI0_1_IRQHandler                       0x080001bb   Thumb Code     0  startup_stm32f051x8.o(.text)
    EXTI2_3_IRQHandler                       0x080001bb   Thumb Code     0  startup_stm32f051x8.o(.text)
    EXTI4_15_IRQHandler                      0x080001bb   Thumb Code     0  startup_stm32f051x8.o(.text)
    FLASH_IRQHandler                         0x080001bb   Thumb Code     0  startup_stm32f051x8.o(.text)
    I2C1_IRQHandler                          0x080001bb   Thumb Code     0  startup_stm32f051x8.o(.text)
    I2C2_IRQHandler                          0x080001bb   Thumb Code     0  startup_stm32f051x8.o(.text)
    PVD_IRQHandler                           0x080001bb   Thumb Code     0  startup_stm32f051x8.o(.text)
    RCC_IRQHandler                           0x080001bb   Thumb Code     0  startup_stm32f051x8.o(.text)
    RTC_IRQHandler                           0x080001bb   Thumb Code     0  startup_stm32f051x8.o(.text)
    SPI1_IRQHandler                          0x080001bb   Thumb Code     0  startup_stm32f051x8.o(.text)
    SPI2_IRQHandler                          0x080001bb   Thumb Code     0  startup_stm32f051x8.o(.text)
    TIM14_IRQHandler                         0x080001bb   Thumb Code     0  startup_stm32f051x8.o(.text)
    TIM15_IRQHandler                         0x080001bb   Thumb Code     0  startup_stm32f051x8.o(.text)
    TIM16_IRQHandler                         0x080001bb   Thumb Code     0  startup_stm32f051x8.o(.text)
    TIM17_IRQHandler                         0x080001bb   Thumb Code     0  startup_stm32f051x8.o(.text)
    TIM1_CC_IRQHandler                       0x080001bb   Thumb Code     0  startup_stm32f051x8.o(.text)
    TIM2_IRQHandler                          0x080001bb   Thumb Code     0  startup_stm32f051x8.o(.text)
    TIM3_IRQHandler                          0x080001bb   Thumb Code     0  startup_stm32f051x8.o(.text)
    TIM6_DAC_IRQHandler                      0x080001bb   Thumb Code     0  startup_stm32f051x8.o(.text)
    TSC_IRQHandler                           0x080001bb   Thumb Code     0  startup_stm32f051x8.o(.text)
    __user_initial_stackheap                 0x080001bd   Thumb Code     0  startup_stm32f051x8.o(.text)
    __aeabi_uldivmod                         0x080001e1   Thumb Code   258  lludiv.o(.text)
    _ll_udiv                                 0x080001e1   Thumb Code     0  lludiv.o(.text)
    __2sprintf                               0x080002e5   Thumb Code    36  noretval__2sprintf.o(.text)
    __printf                                 0x0800030d   Thumb Code   108  __printf.o(.text)
    _printf_str                              0x08000379   Thumb Code    82  _printf_str.o(.text)
    _printf_int_dec                          0x080003cd   Thumb Code    90  _printf_dec.o(.text)
    atoi                                     0x08000439   Thumb Code    26  atoi.o(.text)
    strstr                                   0x08000453   Thumb Code    40  strstr.o(.text)
    strcpy                                   0x0800047d   Thumb Code    70  strcpy.o(.text)
    strlen                                   0x080004c9   Thumb Code    62  strlen.o(.text)
    strcat                                   0x0800050d   Thumb Code    24  strcat.o(.text)
    __aeabi_memcpy                           0x08000525   Thumb Code   130  rt_memcpy.o(.text)
    __rt_memcpy                              0x08000525   Thumb Code     0  rt_memcpy.o(.text)
    _memset_w                                0x080005a7   Thumb Code    26  rt_memclr.o(.text)
    _memset                                  0x080005c1   Thumb Code    30  rt_memclr.o(.text)
    __aeabi_memclr                           0x080005df   Thumb Code     4  rt_memclr.o(.text)
    __rt_memclr                              0x080005df   Thumb Code     0  rt_memclr.o(.text)
    __aeabi_memclr4                          0x080005e3   Thumb Code     0  rt_memclr.o(.text)
    __aeabi_memclr8                          0x080005e3   Thumb Code     0  rt_memclr.o(.text)
    __rt_memclr_w                            0x080005e3   Thumb Code     4  rt_memclr.o(.text)
    __aeabi_uidiv                            0x080005e7   Thumb Code     0  aeabi_sdiv.o(.text)
    __aeabi_uidivmod                         0x080005e7   Thumb Code    20  aeabi_sdiv.o(.text)
    __aeabi_idiv                             0x080005fb   Thumb Code     0  aeabi_sdiv.o(.text)
    __aeabi_idivmod                          0x080005fb   Thumb Code   326  aeabi_sdiv.o(.text)
    __use_two_region_memory                  0x08000741   Thumb Code     2  heapauxi.o(.text)
    __rt_heap_escrow$2region                 0x08000743   Thumb Code     2  heapauxi.o(.text)
    __rt_heap_expand$2region                 0x08000745   Thumb Code     2  heapauxi.o(.text)
    __aeabi_errno_addr                       0x08000749   Thumb Code     8  rt_errno_addr_intlibspace.o(.text)
    __errno$intlibspace                      0x08000749   Thumb Code     0  rt_errno_addr_intlibspace.o(.text)
    __rt_errno_addr$intlibspace              0x08000749   Thumb Code     0  rt_errno_addr_intlibspace.o(.text)
    _printf_int_common                       0x08000751   Thumb Code   176  _printf_intcommon.o(.text)
    _printf_char_common                      0x0800080b   Thumb Code    32  _printf_char_common.o(.text)
    _sputc                                   0x08000831   Thumb Code    10  _sputc.o(.text)
    _printf_cs_common                        0x0800083b   Thumb Code    22  _printf_char.o(.text)
    _printf_char                             0x08000851   Thumb Code    16  _printf_char.o(.text)
    _printf_string                           0x08000861   Thumb Code     8  _printf_char.o(.text)
    strtol                                   0x08000869   Thumb Code   108  strtol.o(.text)
    __rt_udiv10                              0x080008d9   Thumb Code    40  rtudiv10.o(.text)
    __user_libspace                          0x08000901   Thumb Code     8  libspace.o(.text)
    __user_perproc_libspace                  0x08000901   Thumb Code     0  libspace.o(.text)
    __user_perthread_libspace                0x08000901   Thumb Code     0  libspace.o(.text)
    __rt_ctype_table                         0x08000909   Thumb Code    16  rt_ctype_table.o(.text)
    _strtoul                                 0x08000919   Thumb Code   166  _strtoul.o(.text)
    __user_setup_stackheap                   0x080009bf   Thumb Code    62  sys_stackheap_outer.o(.text)
    __rt_locale                              0x080009fd   Thumb Code     8  rt_locale_intlibspace.o(.text)
    _chval                                   0x08000a05   Thumb Code    30  _chval.o(.text)
    exit                                     0x08000a23   Thumb Code    16  exit.o(.text)
    strcmp                                   0x08000a35   Thumb Code   132  strcmp.o(.text)
    _sys_exit                                0x08000abd   Thumb Code     8  sys_exit.o(.text)
    __I$use$semihosting                      0x08000ac9   Thumb Code     0  use_no_semi.o(.text)
    __use_no_semihosting_swi                 0x08000ac9   Thumb Code     2  use_no_semi.o(.text)
    __decompress                             0x08000acb   Thumb Code     0  __dczerorl.o(.text)
    __decompress0                            0x08000acb   Thumb Code    58  __dczerorl.o(.text)
    __semihosting_library_function           0x08000acb   Thumb Code     0  indicate_semi.o(.text)
    Error_Handler                            0x08000b95   Thumb Code     4  main.o(i.Error_Handler)
    HAL_ADC_ConfigChannel                    0x08000b99   Thumb Code   284  stm32f0xx_hal_adc.o(i.HAL_ADC_ConfigChannel)
    HAL_ADC_GetValue                         0x08000cc5   Thumb Code     6  stm32f0xx_hal_adc.o(i.HAL_ADC_GetValue)
    HAL_ADC_Init                             0x08000ccd   Thumb Code   366  stm32f0xx_hal_adc.o(i.HAL_ADC_Init)
    HAL_ADC_MspInit                          0x08000e45   Thumb Code    78  adc.o(i.HAL_ADC_MspInit)
    HAL_ADC_PollForConversion                0x08000e9d   Thumb Code   198  stm32f0xx_hal_adc.o(i.HAL_ADC_PollForConversion)
    HAL_ADC_Start                            0x08000f65   Thumb Code    86  stm32f0xx_hal_adc.o(i.HAL_ADC_Start)
    HAL_DMA_Abort                            0x08000fc1   Thumb Code    64  stm32f0xx_hal_dma.o(i.HAL_DMA_Abort)
    HAL_DMA_Abort_IT                         0x08001001   Thumb Code    72  stm32f0xx_hal_dma.o(i.HAL_DMA_Abort_IT)
    HAL_Delay                                0x08001049   Thumb Code    32  stm32f0xx_hal.o(i.HAL_Delay)
    HAL_GPIO_Init                            0x0800106d   Thumb Code   396  stm32f0xx_hal_gpio.o(i.HAL_GPIO_Init)
    HAL_GPIO_ReadPin                         0x08001211   Thumb Code    10  stm32f0xx_hal_gpio.o(i.HAL_GPIO_ReadPin)
    HAL_GPIO_TogglePin                       0x0800121b   Thumb Code    16  stm32f0xx_hal_gpio.o(i.HAL_GPIO_TogglePin)
    HAL_GPIO_WritePin                        0x0800122b   Thumb Code    12  stm32f0xx_hal_gpio.o(i.HAL_GPIO_WritePin)
    HAL_GetTick                              0x08001239   Thumb Code     6  stm32f0xx_hal.o(i.HAL_GetTick)
    HAL_I2CEx_ConfigAnalogFilter             0x08001245   Thumb Code    74  stm32f0xx_hal_i2c_ex.o(i.HAL_I2CEx_ConfigAnalogFilter)
    HAL_I2CEx_ConfigDigitalFilter            0x0800128f   Thumb Code    72  stm32f0xx_hal_i2c_ex.o(i.HAL_I2CEx_ConfigDigitalFilter)
    HAL_I2C_Init                             0x080012d9   Thumb Code   176  stm32f0xx_hal_i2c.o(i.HAL_I2C_Init)
    HAL_I2C_IsDeviceReady                    0x0800138d   Thumb Code   282  stm32f0xx_hal_i2c.o(i.HAL_I2C_IsDeviceReady)
    HAL_I2C_Mem_Read                         0x080014ad   Thumb Code   332  stm32f0xx_hal_i2c.o(i.HAL_I2C_Mem_Read)
    HAL_I2C_Mem_Write                        0x08001601   Thumb Code   326  stm32f0xx_hal_i2c.o(i.HAL_I2C_Mem_Write)
    HAL_I2C_MspInit                          0x0800174d   Thumb Code    90  i2c.o(i.HAL_I2C_MspInit)
    HAL_IWDG_Init                            0x080017b5   Thumb Code    94  stm32f0xx_hal_iwdg.o(i.HAL_IWDG_Init)
    HAL_IWDG_Refresh                         0x08001821   Thumb Code    10  stm32f0xx_hal_iwdg.o(i.HAL_IWDG_Refresh)
    HAL_IncTick                              0x08001831   Thumb Code    12  stm32f0xx_hal.o(i.HAL_IncTick)
    HAL_Init                                 0x08001841   Thumb Code    26  stm32f0xx_hal.o(i.HAL_Init)
    HAL_InitTick                             0x08001861   Thumb Code    58  stm32f0xx_hal.o(i.HAL_InitTick)
    HAL_MspInit                              0x080018a5   Thumb Code    34  stm32f0xx_hal_msp.o(i.HAL_MspInit)
    HAL_NVIC_EnableIRQ                       0x080018cd   Thumb Code    18  stm32f0xx_hal_cortex.o(i.HAL_NVIC_EnableIRQ)
    HAL_NVIC_SetPriority                     0x080018e5   Thumb Code     8  stm32f0xx_hal_cortex.o(i.HAL_NVIC_SetPriority)
    HAL_RCCEx_PeriphCLKConfig                0x080018ed   Thumb Code   236  stm32f0xx_hal_rcc_ex.o(i.HAL_RCCEx_PeriphCLKConfig)
    HAL_RCC_ClockConfig                      0x080019e5   Thumb Code   242  stm32f0xx_hal_rcc.o(i.HAL_RCC_ClockConfig)
    HAL_RCC_GetPCLK1Freq                     0x08001aed   Thumb Code    20  stm32f0xx_hal_rcc.o(i.HAL_RCC_GetPCLK1Freq)
    HAL_RCC_GetSysClockFreq                  0x08001b0d   Thumb Code    84  stm32f0xx_hal_rcc.o(i.HAL_RCC_GetSysClockFreq)
    HAL_RCC_OscConfig                        0x08001b8d   Thumb Code   890  stm32f0xx_hal_rcc.o(i.HAL_RCC_OscConfig)
    HAL_SYSTICK_Config                       0x08001f15   Thumb Code    38  stm32f0xx_hal_cortex.o(i.HAL_SYSTICK_Config)
    HAL_TIMEx_BreakCallback                  0x08001f45   Thumb Code     2  stm32f0xx_hal_tim_ex.o(i.HAL_TIMEx_BreakCallback)
    HAL_TIMEx_CommutCallback                 0x08001f47   Thumb Code     2  stm32f0xx_hal_tim_ex.o(i.HAL_TIMEx_CommutCallback)
    HAL_TIMEx_MasterConfigSynchronization    0x08001f49   Thumb Code    84  stm32f0xx_hal_tim_ex.o(i.HAL_TIMEx_MasterConfigSynchronization)
    HAL_TIM_Base_Init                        0x08001fa9   Thumb Code    72  stm32f0xx_hal_tim.o(i.HAL_TIM_Base_Init)
    HAL_TIM_Base_MspInit                     0x08001ff1   Thumb Code    44  tim.o(i.HAL_TIM_Base_MspInit)
    HAL_TIM_Base_Start_IT                    0x08002025   Thumb Code    74  stm32f0xx_hal_tim.o(i.HAL_TIM_Base_Start_IT)
    HAL_TIM_ConfigClockSource                0x0800207d   Thumb Code   220  stm32f0xx_hal_tim.o(i.HAL_TIM_ConfigClockSource)
    HAL_TIM_IC_CaptureCallback               0x08002159   Thumb Code     2  stm32f0xx_hal_tim.o(i.HAL_TIM_IC_CaptureCallback)
    HAL_TIM_IRQHandler                       0x0800215b   Thumb Code   354  stm32f0xx_hal_tim.o(i.HAL_TIM_IRQHandler)
    HAL_TIM_OC_DelayElapsedCallback          0x080022bd   Thumb Code     2  stm32f0xx_hal_tim.o(i.HAL_TIM_OC_DelayElapsedCallback)
    HAL_TIM_PWM_PulseFinishedCallback        0x080022bf   Thumb Code     2  stm32f0xx_hal_tim.o(i.HAL_TIM_PWM_PulseFinishedCallback)
    HAL_TIM_PeriodElapsedCallback            0x080022c1   Thumb Code   330  main.o(i.HAL_TIM_PeriodElapsedCallback)
    HAL_TIM_TriggerCallback                  0x0800241d   Thumb Code     2  stm32f0xx_hal_tim.o(i.HAL_TIM_TriggerCallback)
    HAL_UARTEx_RxEventCallback               0x0800241f   Thumb Code     2  stm32f0xx_hal_uart.o(i.HAL_UARTEx_RxEventCallback)
    HAL_UARTEx_WakeupCallback                0x08002421   Thumb Code     2  stm32f0xx_hal_uart_ex.o(i.HAL_UARTEx_WakeupCallback)
    HAL_UART_ErrorCallback                   0x08002423   Thumb Code     2  stm32f0xx_hal_uart.o(i.HAL_UART_ErrorCallback)
    HAL_UART_IRQHandler                      0x08002425   Thumb Code   662  stm32f0xx_hal_uart.o(i.HAL_UART_IRQHandler)
    HAL_UART_Init                            0x080026c9   Thumb Code   106  stm32f0xx_hal_uart.o(i.HAL_UART_Init)
    HAL_UART_MspInit                         0x08002735   Thumb Code   166  usart.o(i.HAL_UART_MspInit)
    HAL_UART_Receive_IT                      0x080027e9   Thumb Code   100  stm32f0xx_hal_uart.o(i.HAL_UART_Receive_IT)
    HAL_UART_RxCpltCallback                  0x0800284d   Thumb Code   192  main.o(i.HAL_UART_RxCpltCallback)
    HAL_UART_Transmit                        0x08002931   Thumb Code   210  stm32f0xx_hal_uart.o(i.HAL_UART_Transmit)
    HAL_UART_TxCpltCallback                  0x08002a03   Thumb Code     2  stm32f0xx_hal_uart.o(i.HAL_UART_TxCpltCallback)
    HAL_WWDG_EarlyWakeupCallback             0x08002a05   Thumb Code    16  main.o(i.HAL_WWDG_EarlyWakeupCallback)
    HAL_WWDG_IRQHandler                      0x08002a19   Thumb Code    30  stm32f0xx_hal_wwdg.o(i.HAL_WWDG_IRQHandler)
    HAL_WWDG_Init                            0x08002a37   Thumb Code    42  stm32f0xx_hal_wwdg.o(i.HAL_WWDG_Init)
    HAL_WWDG_MspInit                         0x08002a61   Thumb Code    44  wwdg.o(i.HAL_WWDG_MspInit)
    HAL_WWDG_Refresh                         0x08002a95   Thumb Code    10  stm32f0xx_hal_wwdg.o(i.HAL_WWDG_Refresh)
    HardFault_Handler                        0x08002a9f   Thumb Code     2  stm32f0xx_it.o(i.HardFault_Handler)
    MX_ADC_Init                              0x08002d21   Thumb Code    96  adc.o(i.MX_ADC_Init)
    MX_GPIO_Init                             0x08002d89   Thumb Code   166  gpio.o(i.MX_GPIO_Init)
    MX_I2C2_Init                             0x08002e41   Thumb Code    76  i2c.o(i.MX_I2C2_Init)
    MX_IWDG_Init                             0x08002e99   Thumb Code    32  iwdg.o(i.MX_IWDG_Init)
    MX_TIM1_Init                             0x08002ec5   Thumb Code   100  tim.o(i.MX_TIM1_Init)
    MX_USART1_UART_Init                      0x08002f35   Thumb Code    48  usart.o(i.MX_USART1_UART_Init)
    MX_USART2_UART_Init                      0x08002f6d   Thumb Code    48  usart.o(i.MX_USART2_UART_Init)
    MX_WWDG_Init                             0x08002fa5   Thumb Code    40  wwdg.o(i.MX_WWDG_Init)
    NMI_Handler                              0x08002fd5   Thumb Code     2  stm32f0xx_it.o(i.NMI_Handler)
    PendSV_Handler                           0x08002fd7   Thumb Code     2  stm32f0xx_it.o(i.PendSV_Handler)
    SVC_Handler                              0x08002fd9   Thumb Code     2  stm32f0xx_it.o(i.SVC_Handler)
    SysTick_Handler                          0x08002fdb   Thumb Code     8  stm32f0xx_it.o(i.SysTick_Handler)
    SystemClock_Config                       0x08002fe3   Thumb Code   120  main.o(i.SystemClock_Config)
    SystemInit                               0x0800305b   Thumb Code     2  system_stm32f0xx.o(i.SystemInit)
    TIM1_BRK_UP_TRG_COM_IRQHandler           0x0800305d   Thumb Code    10  stm32f0xx_it.o(i.TIM1_BRK_UP_TRG_COM_IRQHandler)
    TIM_Base_SetConfig                       0x0800306d   Thumb Code   124  stm32f0xx_hal_tim.o(i.TIM_Base_SetConfig)
    TIM_ETR_SetConfig                        0x08003101   Thumb Code    22  stm32f0xx_hal_tim.o(i.TIM_ETR_SetConfig)
    UART_AdvFeatureConfig                    0x0800316f   Thumb Code   202  stm32f0xx_hal_uart.o(i.UART_AdvFeatureConfig)
    UART_CheckIdleState                      0x08003239   Thumb Code    94  stm32f0xx_hal_uart.o(i.UART_CheckIdleState)
    UART_SetConfig                           0x08003461   Thumb Code   282  stm32f0xx_hal_uart.o(i.UART_SetConfig)
    UART_Start_Receive_IT                    0x08003595   Thumb Code   142  stm32f0xx_hal_uart.o(i.UART_Start_Receive_IT)
    UART_WaitOnFlagUntilTimeout              0x08003631   Thumb Code   212  stm32f0xx_hal_uart.o(i.UART_WaitOnFlagUntilTimeout)
    USART1_IRQHandler                        0x08003705   Thumb Code    10  stm32f0xx_it.o(i.USART1_IRQHandler)
    USART2_IRQHandler                        0x08003715   Thumb Code    10  stm32f0xx_it.o(i.USART2_IRQHandler)
    WWDG_IRQHandler                          0x08003725   Thumb Code    10  stm32f0xx_it.o(i.WWDG_IRQHandler)
    __ARM_common_ll_muluu                    0x08003735   Thumb Code    48  stm32f0xx_hal_rcc.o(i.__ARM_common_ll_muluu)
    a9g_start                                0x080037a9   Thumb Code   820  main.o(i.a9g_start)
    add_member                               0x08003cd5   Thumb Code   222  main.o(i.add_member)
    auto_sleep                               0x08003e09   Thumb Code   116  main.o(i.auto_sleep)
    battery_                                 0x08003ee9   Thumb Code    98  main.o(i.battery_)
    battry                                   0x08003f59   Thumb Code   120  main.o(i.battry)
    call_gps                                 0x08004015   Thumb Code   122  main.o(i.call_gps)
    car_off                                  0x080040b9   Thumb Code   132  main.o(i.car_off)
    car_on                                   0x0800417d   Thumb Code   112  main.o(i.car_on)
    change_pass                              0x08004225   Thumb Code   268  main.o(i.change_pass)
    chek_                                    0x08004391   Thumb Code  4702  main.o(i.chek_)
    chek_a9g_at                              0x08005781   Thumb Code   274  main.o(i.chek_a9g_at)
    chek_sim                                 0x08005939   Thumb Code   220  main.o(i.chek_sim)
    config                                   0x08005a71   Thumb Code   888  main.o(i.config)
    ee24_eraseChip                           0x08005e99   Thumb Code    48  ee24.o(i.ee24_eraseChip)
    ee24_isConnected                         0x08005ee9   Thumb Code    26  ee24.o(i.ee24_isConnected)
    ee24_read                                0x08005f09   Thumb Code    50  ee24.o(i.ee24_read)
    ee24_write                               0x08005f45   Thumb Code   124  ee24.o(i.ee24_write)
    eep_add_memb                             0x08005fc9   Thumb Code    64  main.o(i.eep_add_memb)
    eeprom_save                              0x08006015   Thumb Code   730  main.o(i.eeprom_save)
    forget_pass                              0x08006381   Thumb Code    88  main.o(i.forget_pass)
    input_sms_chek                           0x08006409   Thumb Code    80  main.o(i.input_sms_chek)
    main                                     0x080064a9   Thumb Code   240  main.o(i.main)
    map                                      0x08006605   Thumb Code    30  main.o(i.map)
    map2                                     0x0800662d   Thumb Code    62  main.o(i.map2)
    power_chek                               0x08006671   Thumb Code  1544  main.o(i.power_chek)
    read_eeprom_                             0x08006ca9   Thumb Code  1850  main.o(i.read_eeprom_)
    reset_                                   0x080074bd   Thumb Code    96  main.o(i.reset_)
    reset_gps_                               0x0800752d   Thumb Code    36  main.o(i.reset_gps_)
    reset_network                            0x08007575   Thumb Code   254  main.o(i.reset_network)
    security_off                             0x08007749   Thumb Code   124  main.o(i.security_off)
    security_on                              0x08007809   Thumb Code   154  main.o(i.security_on)
    send_atcammand                           0x08007909   Thumb Code    64  main.o(i.send_atcammand)
    send_eeprom_server                       0x0800795d   Thumb Code   266  main.o(i.send_eeprom_server)
    send_location_sms                        0x08007a81   Thumb Code   226  main.o(i.send_location_sms)
    send_sms                                 0x08007be5   Thumb Code   374  main.o(i.send_sms)
    send_sms_server                          0x08007d9d   Thumb Code    30  main.o(i.send_sms_server)
    server_eeprom_save                       0x08007dc9   Thumb Code   284  main.o(i.server_eeprom_save)
    show_uart                                0x08007ef5   Thumb Code    44  main.o(i.show_uart)
    sleep_                                   0x08007f31   Thumb Code   674  main.o(i.sleep_)
    sleep_off                                0x08008299   Thumb Code   114  main.o(i.sleep_off)
    sleep_on                                 0x08008365   Thumb Code   130  main.o(i.sleep_on)
    sleep_on2                                0x08008451   Thumb Code   116  main.o(i.sleep_on2)
    sms_chek                                 0x08008521   Thumb Code    30  main.o(i.sms_chek)
    speed_off                                0x08008559   Thumb Code   140  main.o(i.speed_off)
    speed_on                                 0x08008621   Thumb Code   188  main.o(i.speed_on)
    substring                                0x08008725   Thumb Code    54  main.o(i.substring)
    uart1_                                   0x08008765   Thumb Code   504  main.o(i.uart1_)
    _get_lc_ctype                            0x0800897d   Thumb Code    44  lc_ctype_c.o(locale$$code)
    AHBPrescTable                            0x080089a8   Data          16  system_stm32f0xx.o(.constdata)
    APBPrescTable                            0x080089b8   Data           8  system_stm32f0xx.o(.constdata)
    Region$$Table$$Base                      0x080089c0   Number         0  anon$$obj.o(Region$$Table)
    Region$$Table$$Limit                     0x080089e0   Number         0  anon$$obj.o(Region$$Table)
    __ctype                                  0x080089ed   Data           0  lc_ctype_c.o(locale$$data)
    rx_data1                                 0x20000000   Data           1  main.o(.data)
    len                                      0x20000001   Data           1  main.o(.data)
    rx_index1                                0x20000004   Data           4  main.o(.data)
    a9g_state                                0x20000008   Data           4  main.o(.data)
    reset_micro                              0x2000000c   Data           4  main.o(.data)
    reset_micro_count                        0x20000010   Data           4  main.o(.data)
    number                                   0x20000014   Data           4  main.o(.data)
    gprs                                     0x20000018   Data           4  main.o(.data)
    gprs_history_count                       0x2000001c   Data           4  main.o(.data)
    read_eeprom                              0x20000020   Data           4  main.o(.data)
    cms_error_count                          0x20000024   Data           4  main.o(.data)
    reset_count                              0x20000028   Data           4  main.o(.data)
    a9g                                      0x2000002c   Data           4  main.o(.data)
    count_interupts                          0x20000030   Data           4  main.o(.data)
    shomaresh_config                         0x20000034   Data           4  main.o(.data)
    model_simcard                            0x20000038   Data           4  main.o(.data)
    number_count_save                        0x2000003c   Data           4  main.o(.data)
    gpsrd                                    0x20000040   Data           4  main.o(.data)
    count_gps_read                           0x20000044   Data           4  main.o(.data)
    gps_state                                0x20000048   Data           4  main.o(.data)
    read_gps                                 0x2000004c   Data           4  main.o(.data)
    gps_signal1                              0x20000050   Data           4  main.o(.data)
    gps_error_count                          0x20000054   Data           4  main.o(.data)
    gps_test_time                            0x20000058   Data           4  main.o(.data)
    gprs_timer                               0x2000005c   Data           4  main.o(.data)
    first_time_gprs                          0x20000060   Data           4  main.o(.data)
    gprsrd                                   0x20000064   Data           4  main.o(.data)
    gprs_error_count                         0x20000068   Data           4  main.o(.data)
    gprs_error_count2                        0x2000006c   Data           4  main.o(.data)
    send_error_count1                        0x20000070   Data           4  main.o(.data)
    send_error_count2                        0x20000074   Data           4  main.o(.data)
    send_error_count3                        0x20000078   Data           4  main.o(.data)
    gprs_history                             0x2000007c   Data           4  main.o(.data)
    chek                                     0x20000080   Data           4  main.o(.data)
    chek_count                               0x20000084   Data           4  main.o(.data)
    chek_count2                              0x20000088   Data           4  main.o(.data)
    anten                                    0x2000008c   Data           4  main.o(.data)
    voltag_battery                           0x20000090   Data           4  main.o(.data)
    battery_adc2                             0x20000094   Data           4  main.o(.data)
    voltag_battery1                          0x20000098   Data           4  main.o(.data)
    power_sms_count                          0x2000009c   Data           4  main.o(.data)
    gps_led_count                            0x200000a0   Data           4  main.o(.data)
    security                                 0x200000a4   Data           4  main.o(.data)
    avcc_count                               0x200000a8   Data           4  main.o(.data)
    avcc_state                               0x200000ac   Data           4  main.o(.data)
    door_input_count                         0x200000b0   Data           4  main.o(.data)
    sleep_mode                               0x200000b4   Data           4  main.o(.data)
    input_power                              0x200000b8   Data           4  main.o(.data)
    input_power_count                        0x200000bc   Data           4  main.o(.data)
    chek_power_state                         0x200000c0   Data           4  main.o(.data)
    sleep_mode_timer                         0x200000c4   Data           4  main.o(.data)
    read_gps_sleep_count                     0x200000c8   Data           4  main.o(.data)
    rele_state                               0x200000cc   Data           4  main.o(.data)
    a9g_start_error                          0x200000d0   Data           4  main.o(.data)
    chek_sim_count                           0x200000d4   Data           4  main.o(.data)
    chek_sim_time                            0x200000d8   Data           4  main.o(.data)
    chek_sim_eror                            0x200000dc   Data           4  main.o(.data)
    chek_sim_ok                              0x200000e0   Data           4  main.o(.data)
    check_point1                             0x200000e4   Data           4  main.o(.data)
    check_point2                             0x200000e8   Data           4  main.o(.data)
    battery_count                            0x200000ec   Data           4  main.o(.data)
    avcc_alarm                               0x200000f0   Data           4  main.o(.data)
    speed_user                               0x200000f4   Data           4  main.o(.data)
    speed_state                              0x200000f8   Data           4  main.o(.data)
    speed_count1                             0x200000fc   Data           4  main.o(.data)
    speed_count2                             0x20000100   Data           4  main.o(.data)
    speed_gps                                0x20000104   Data           4  main.o(.data)
    ok_loc                                   0x20000108   Data           4  main.o(.data)
    red_led_count                            0x2000010c   Data           4  main.o(.data)
    sim_error_count1                         0x20000110   Data           4  main.o(.data)
    auto_security_time                       0x20000114   Data           4  main.o(.data)
    read_eeprom_count1                       0x20000118   Data           4  main.o(.data)
    read_eeprom_count2                       0x2000011c   Data           4  main.o(.data)
    eeprom_error                             0x20000120   Data           4  main.o(.data)
    eeprom_error2                            0x20000124   Data           4  main.o(.data)
    eep_ok                                   0x20000128   Data           4  main.o(.data)
    eeprom_ic                                0x2000012c   Data           4  main.o(.data)
    security_on_timer                        0x20000130   Data           4  main.o(.data)
    security_on_count                        0x20000134   Data           4  main.o(.data)
    reset_sms                                0x20000138   Data           4  main.o(.data)
    security_state                           0x2000013c   Data           4  main.o(.data)
    security_timer_start                     0x20000140   Data           4  main.o(.data)
    count_car_off2                           0x20000144   Data           4  main.o(.data)
    count_car_off3                           0x20000148   Data           4  main.o(.data)
    count_test                               0x2000014c   Data           4  main.o(.data)
    power_error                              0x20000150   Data           4  main.o(.data)
    user_first                               0x20000154   Data           4  main.o(.data)
    gprs_always                              0x20000158   Data           4  main.o(.data)
    hang                                     0x2000015c   Data           4  main.o(.data)
    sleep_mode3_check                        0x20000160   Data           4  main.o(.data)
    avcc_time                                0x20000164   Data           4  main.o(.data)
    door_time                                0x20000168   Data           4  main.o(.data)
    battery_send                             0x2000016c   Data           4  main.o(.data)
    anten_send                               0x20000170   Data           4  main.o(.data)
    car_mode_count                           0x20000174   Data           4  main.o(.data)
    warning_count_avcc                       0x20000178   Data           4  main.o(.data)
    warning_count_door                       0x2000017c   Data           4  main.o(.data)
    warning_count_power                      0x20000180   Data           4  main.o(.data)
    door_state                               0x20000184   Data           4  main.o(.data)
    ring_reset_count                         0x20000188   Data           4  main.o(.data)
    network_check_error                      0x2000018c   Data           4  main.o(.data)
    network_reset_count                      0x20000190   Data           4  main.o(.data)
    ring_reset_timer                         0x20000194   Data           4  main.o(.data)
    loc_avcc_count                           0x20000198   Data           4  main.o(.data)
    loc_avcc_timer                           0x2000019c   Data           4  main.o(.data)
    generator_count2                         0x200001a0   Data           4  main.o(.data)
    main_check_time                          0x200001a4   Data           4  main.o(.data)
    main_check                               0x200001a8   Data           4  main.o(.data)
    main_check_error                         0x200001ac   Data           4  main.o(.data)
    generator_count1                         0x200001b0   Data           4  main.o(.data)
    generator_count3                         0x200001b4   Data           4  main.o(.data)
    ups_count1                               0x200001b8   Data           4  main.o(.data)
    ups_timer                                0x200001bc   Data           4  main.o(.data)
    generator_off                            0x200001c0   Data           4  main.o(.data)
    generator_off_count                      0x200001c4   Data           4  main.o(.data)
    security_save1                           0x200001c8   Data           5  main.o(.data)
    security_save                            0x200001cd   Data           5  main.o(.data)
    sleep_mode_save1                         0x200001d2   Data           5  main.o(.data)
    sleep_mode_save                          0x200001d7   Data           5  main.o(.data)
    rele_state_save1                         0x200001dc   Data           5  main.o(.data)
    rele_state_save                          0x200001e1   Data           5  main.o(.data)
    speed_user_save1                         0x200001e6   Data           5  main.o(.data)
    speed_user_save                          0x200001eb   Data           5  main.o(.data)
    speed_state_save1                        0x200001f0   Data           5  main.o(.data)
    speed_state_save                         0x200001f5   Data           5  main.o(.data)
    avcc_alarm_save                          0x200001fa   Data           5  main.o(.data)
    gprs_save1                               0x200001ff   Data           5  main.o(.data)
    gprs_save                                0x20000204   Data           5  main.o(.data)
    auto_security_save1                      0x20000209   Data           5  main.o(.data)
    auto_security_save                       0x2000020e   Data           5  main.o(.data)
    car_mode1                                0x20000213   Data           5  main.o(.data)
    car_mode                                 0x20000218   Data           5  main.o(.data)
    auto_security_time_save1                 0x2000021d   Data           5  main.o(.data)
    auto_security_time_save                  0x20000222   Data           5  main.o(.data)
    server_number                            0x20000227   Data          20  main.o(.data)
    server_number2                           0x2000023b   Data          20  main.o(.data)
    uwTickFreq                               0x20000250   Data           1  stm32f0xx_hal.o(.data)
    uwTickPrio                               0x20000254   Data           4  stm32f0xx_hal.o(.data)
    uwTick                                   0x20000258   Data           4  stm32f0xx_hal.o(.data)
    SystemCoreClock                          0x2000025c   Data           4  system_stm32f0xx.o(.data)
    ee24_lock                                0x20000260   Data           1  ee24.o(.data)
    rx_buffer1                               0x20000264   Data         300  main.o(.bss)
    input1                                   0x20000390   Data         250  main.o(.bss)
    input2                                   0x2000048a   Data         250  main.o(.bss)
    input3                                   0x20000584   Data         250  main.o(.bss)
    input4                                   0x2000067e   Data         250  main.o(.bss)
    input5                                   0x20000778   Data         250  main.o(.bss)
    input6                                   0x20000872   Data         250  main.o(.bss)
    input7                                   0x2000096c   Data         250  main.o(.bss)
    sms1                                     0x20000a66   Data         250  main.o(.bss)
    lcd_show                                 0x20000b60   Data         100  main.o(.bss)
    char_test1                               0x20000bc4   Data         300  main.o(.bss)
    lcd_char1                                0x20000cf0   Data         200  main.o(.bss)
    atcammand_char                           0x20000db8   Data         200  main.o(.bss)
    input_number                             0x20000e80   Data          50  main.o(.bss)
    send_number                              0x20000eb2   Data          20  main.o(.bss)
    sms_text                                 0x20000ec6   Data         150  main.o(.bss)
    str_cut                                  0x20000f5c   Data          50  main.o(.bss)
    sms                                      0x20000f8e   Data         100  main.o(.bss)
    str                                      0x20000ff2   Data         250  main.o(.bss)
    test                                     0x200010ec   Data         270  main.o(.bss)
    location                                 0x200011fa   Data          20  main.o(.bss)
    speed                                    0x2000120e   Data          10  main.o(.bss)
    battery_adc                              0x20001218   Data          22  main.o(.bss)
    pass                                     0x2000122e   Data          10  main.o(.bss)
    number11                                 0x20001238   Data          20  main.o(.bss)
    number1                                  0x2000124c   Data          20  main.o(.bss)
    number22                                 0x20001260   Data          20  main.o(.bss)
    number2                                  0x20001274   Data          20  main.o(.bss)
    number3                                  0x20001288   Data          20  main.o(.bss)
    number4                                  0x2000129c   Data          20  main.o(.bss)
    id1                                      0x200012b0   Data          20  main.o(.bss)
    id                                       0x200012c4   Data          20  main.o(.bss)
    loc_save1                                0x200012d8   Data          22  main.o(.bss)
    loc_save                                 0x200012ee   Data          22  main.o(.bss)
    car_number1                              0x20001304   Data          20  main.o(.bss)
    car_number                               0x20001318   Data          20  main.o(.bss)
    hadc                                     0x2000132c   Data          64  adc.o(.bss)
    hi2c2                                    0x2000136c   Data          76  i2c.o(.bss)
    hiwdg                                    0x200013b8   Data          16  iwdg.o(.bss)
    htim1                                    0x200013c8   Data          72  tim.o(.bss)
    huart1                                   0x20001410   Data         132  usart.o(.bss)
    huart2                                   0x20001494   Data         132  usart.o(.bss)
    hwwdg                                    0x20001518   Data          20  wwdg.o(.bss)
    __libspace_start                         0x2000152c   Data          96  libspace.o(.bss)
    __temporary_stack_top$libspace           0x2000158c   Data           0  libspace.o(.bss)



==============================================================================

Memory Map of the image

  Image Entry point : 0x080000bd

  Load Region LR_IROM1 (Base: 0x08000000, Size: 0x00008d54, Max: 0x00010000, ABSOLUTE, COMPRESSED[0x00008b20])

    Execution Region ER_IROM1 (Exec base: 0x08000000, Load base: 0x08000000, Size: 0x00008af0, Max: 0x00010000, ABSOLUTE)

    Exec Addr    Load Addr    Size         Type   Attr      Idx    E Section Name        Object

    0x08000000   0x08000000   0x000000bc   Data   RO            3    RESET               startup_stm32f051x8.o
    0x080000bc   0x080000bc   0x00000008   Code   RO         4194  * !!!main             c_p.l(__main.o)
    0x080000c4   0x080000c4   0x0000003c   Code   RO         4407    !!!scatter          c_p.l(__scatter.o)
    0x08000100   0x08000100   0x0000001c   Code   RO         4409    !!handler_zi        c_p.l(__scatter_zi.o)
    0x0800011c   0x0800011c   0x00000002   Code   RO         4171    .ARM.Collect$$_printf_percent$$00000000  c_p.l(_printf_percent.o)
    0x0800011e   0x0800011e   0x0000000a   Code   RO         4170    .ARM.Collect$$_printf_percent$$00000009  c_p.l(_printf_d.o)
    0x08000128   0x08000128   0x0000000a   Code   RO         4169    .ARM.Collect$$_printf_percent$$00000013  c_p.l(_printf_c.o)
    0x08000132   0x08000132   0x00000004   Code   RO         4218    .ARM.Collect$$_printf_percent$$00000017  c_p.l(_printf_percent_end.o)
    0x08000136   0x08000136   0x00000002   Code   RO         4273    .ARM.Collect$$libinit$$00000000  c_p.l(libinit.o)
    0x08000138   0x08000138   0x00000000   Code   RO         4286    .ARM.Collect$$libinit$$00000002  c_p.l(libinit2.o)
    0x08000138   0x08000138   0x00000000   Code   RO         4288    .ARM.Collect$$libinit$$00000004  c_p.l(libinit2.o)
    0x08000138   0x08000138   0x00000000   Code   RO         4291    .ARM.Collect$$libinit$$0000000A  c_p.l(libinit2.o)
    0x08000138   0x08000138   0x00000000   Code   RO         4293    .ARM.Collect$$libinit$$0000000C  c_p.l(libinit2.o)
    0x08000138   0x08000138   0x00000000   Code   RO         4295    .ARM.Collect$$libinit$$0000000E  c_p.l(libinit2.o)
    0x08000138   0x08000138   0x00000006   Code   RO         4296    .ARM.Collect$$libinit$$0000000F  c_p.l(libinit2.o)
    0x0800013e   0x0800013e   0x00000000   Code   RO         4298    .ARM.Collect$$libinit$$00000011  c_p.l(libinit2.o)
    0x0800013e   0x0800013e   0x0000000c   Code   RO         4299    .ARM.Collect$$libinit$$00000012  c_p.l(libinit2.o)
    0x0800014a   0x0800014a   0x00000000   Code   RO         4300    .ARM.Collect$$libinit$$00000013  c_p.l(libinit2.o)
    0x0800014a   0x0800014a   0x00000000   Code   RO         4302    .ARM.Collect$$libinit$$00000015  c_p.l(libinit2.o)
    0x0800014a   0x0800014a   0x00000000   Code   RO         4304    .ARM.Collect$$libinit$$00000017  c_p.l(libinit2.o)
    0x0800014a   0x0800014a   0x00000000   Code   RO         4306    .ARM.Collect$$libinit$$00000019  c_p.l(libinit2.o)
    0x0800014a   0x0800014a   0x00000000   Code   RO         4308    .ARM.Collect$$libinit$$0000001B  c_p.l(libinit2.o)
    0x0800014a   0x0800014a   0x00000000   Code   RO         4310    .ARM.Collect$$libinit$$0000001D  c_p.l(libinit2.o)
    0x0800014a   0x0800014a   0x00000000   Code   RO         4312    .ARM.Collect$$libinit$$0000001F  c_p.l(libinit2.o)
    0x0800014a   0x0800014a   0x00000000   Code   RO         4314    .ARM.Collect$$libinit$$00000021  c_p.l(libinit2.o)
    0x0800014a   0x0800014a   0x00000000   Code   RO         4316    .ARM.Collect$$libinit$$00000023  c_p.l(libinit2.o)
    0x0800014a   0x0800014a   0x00000000   Code   RO         4318    .ARM.Collect$$libinit$$00000025  c_p.l(libinit2.o)
    0x0800014a   0x0800014a   0x00000000   Code   RO         4322    .ARM.Collect$$libinit$$0000002C  c_p.l(libinit2.o)
    0x0800014a   0x0800014a   0x00000000   Code   RO         4324    .ARM.Collect$$libinit$$0000002E  c_p.l(libinit2.o)
    0x0800014a   0x0800014a   0x00000000   Code   RO         4326    .ARM.Collect$$libinit$$00000030  c_p.l(libinit2.o)
    0x0800014a   0x0800014a   0x00000000   Code   RO         4328    .ARM.Collect$$libinit$$00000032  c_p.l(libinit2.o)
    0x0800014a   0x0800014a   0x00000002   Code   RO         4329    .ARM.Collect$$libinit$$00000033  c_p.l(libinit2.o)
    0x0800014c   0x0800014c   0x00000002   Code   RO         4360    .ARM.Collect$$libshutdown$$00000000  c_p.l(libshutdown.o)
    0x0800014e   0x0800014e   0x00000000   Code   RO         4386    .ARM.Collect$$libshutdown$$00000002  c_p.l(libshutdown2.o)
    0x0800014e   0x0800014e   0x00000000   Code   RO         4388    .ARM.Collect$$libshutdown$$00000004  c_p.l(libshutdown2.o)
    0x0800014e   0x0800014e   0x00000000   Code   RO         4390    .ARM.Collect$$libshutdown$$00000006  c_p.l(libshutdown2.o)
    0x0800014e   0x0800014e   0x00000000   Code   RO         4393    .ARM.Collect$$libshutdown$$00000009  c_p.l(libshutdown2.o)
    0x0800014e   0x0800014e   0x00000000   Code   RO         4396    .ARM.Collect$$libshutdown$$0000000C  c_p.l(libshutdown2.o)
    0x0800014e   0x0800014e   0x00000000   Code   RO         4398    .ARM.Collect$$libshutdown$$0000000E  c_p.l(libshutdown2.o)
    0x0800014e   0x0800014e   0x00000000   Code   RO         4401    .ARM.Collect$$libshutdown$$00000011  c_p.l(libshutdown2.o)
    0x0800014e   0x0800014e   0x00000002   Code   RO         4402    .ARM.Collect$$libshutdown$$00000012  c_p.l(libshutdown2.o)
    0x08000150   0x08000150   0x00000000   Code   RO         4196    .ARM.Collect$$rtentry$$00000000  c_p.l(__rtentry.o)
    0x08000150   0x08000150   0x00000000   Code   RO         4227    .ARM.Collect$$rtentry$$00000002  c_p.l(__rtentry2.o)
    0x08000150   0x08000150   0x00000006   Code   RO         4239    .ARM.Collect$$rtentry$$00000004  c_p.l(__rtentry4.o)
    0x08000156   0x08000156   0x00000000   Code   RO         4229    .ARM.Collect$$rtentry$$00000009  c_p.l(__rtentry2.o)
    0x08000156   0x08000156   0x00000004   Code   RO         4230    .ARM.Collect$$rtentry$$0000000A  c_p.l(__rtentry2.o)
    0x0800015a   0x0800015a   0x00000000   Code   RO         4232    .ARM.Collect$$rtentry$$0000000C  c_p.l(__rtentry2.o)
    0x0800015a   0x0800015a   0x00000008   Code   RO         4233    .ARM.Collect$$rtentry$$0000000D  c_p.l(__rtentry2.o)
    0x08000162   0x08000162   0x00000002   Code   RO         4275    .ARM.Collect$$rtexit$$00000000  c_p.l(rtexit.o)
    0x08000164   0x08000164   0x00000000   Code   RO         4333    .ARM.Collect$$rtexit$$00000002  c_p.l(rtexit2.o)
    0x08000164   0x08000164   0x00000004   Code   RO         4334    .ARM.Collect$$rtexit$$00000003  c_p.l(rtexit2.o)
    0x08000168   0x08000168   0x00000006   Code   RO         4335    .ARM.Collect$$rtexit$$00000004  c_p.l(rtexit2.o)
    0x0800016e   0x0800016e   0x00000002   PAD
    0x08000170   0x08000170   0x00000038   Code   RO         4182    .emb_text           c_p.l(rt_memcpy.o)
    0x080001a8   0x080001a8   0x00000038   Code   RO            4    .text               startup_stm32f051x8.o
    0x080001e0   0x080001e0   0x00000102   Code   RO         4137    .text               c_p.l(lludiv.o)
    0x080002e2   0x080002e2   0x00000002   PAD
    0x080002e4   0x080002e4   0x00000028   Code   RO         4141    .text               c_p.l(noretval__2sprintf.o)
    0x0800030c   0x0800030c   0x0000006c   Code   RO         4143    .text               c_p.l(__printf.o)
    0x08000378   0x08000378   0x00000052   Code   RO         4145    .text               c_p.l(_printf_str.o)
    0x080003ca   0x080003ca   0x00000002   PAD
    0x080003cc   0x080003cc   0x0000006c   Code   RO         4147    .text               c_p.l(_printf_dec.o)
    0x08000438   0x08000438   0x0000001a   Code   RO         4172    .text               c_p.l(atoi.o)
    0x08000452   0x08000452   0x00000028   Code   RO         4174    .text               c_p.l(strstr.o)
    0x0800047a   0x0800047a   0x00000002   PAD
    0x0800047c   0x0800047c   0x0000004c   Code   RO         4176    .text               c_p.l(strcpy.o)
    0x080004c8   0x080004c8   0x00000044   Code   RO         4178    .text               c_p.l(strlen.o)
    0x0800050c   0x0800050c   0x00000018   Code   RO         4180    .text               c_p.l(strcat.o)
    0x08000524   0x08000524   0x00000082   Code   RO         4183    .text               c_p.l(rt_memcpy.o)
    0x080005a6   0x080005a6   0x00000040   Code   RO         4186    .text               c_p.l(rt_memclr.o)
    0x080005e6   0x080005e6   0x0000015a   Code   RO         4188    .text               c_p.l(aeabi_sdiv.o)
    0x08000740   0x08000740   0x00000006   Code   RO         4192    .text               c_p.l(heapauxi.o)
    0x08000746   0x08000746   0x00000002   PAD
    0x08000748   0x08000748   0x00000008   Code   RO         4208    .text               c_p.l(rt_errno_addr_intlibspace.o)
    0x08000750   0x08000750   0x000000b0   Code   RO         4210    .text               c_p.l(_printf_intcommon.o)
    0x08000800   0x08000800   0x00000030   Code   RO         4212    .text               c_p.l(_printf_char_common.o)
    0x08000830   0x08000830   0x0000000a   Code   RO         4214    .text               c_p.l(_sputc.o)
    0x0800083a   0x0800083a   0x0000002e   Code   RO         4216    .text               c_p.l(_printf_char.o)
    0x08000868   0x08000868   0x00000070   Code   RO         4219    .text               c_p.l(strtol.o)
    0x080008d8   0x080008d8   0x00000028   Code   RO         4221    .text               c_p.l(rtudiv10.o)
    0x08000900   0x08000900   0x00000008   Code   RO         4223    .text               c_p.l(libspace.o)
    0x08000908   0x08000908   0x00000010   Code   RO         4241    .text               c_p.l(rt_ctype_table.o)
    0x08000918   0x08000918   0x000000a6   Code   RO         4247    .text               c_p.l(_strtoul.o)
    0x080009be   0x080009be   0x0000003e   Code   RO         4249    .text               c_p.l(sys_stackheap_outer.o)
    0x080009fc   0x080009fc   0x00000008   Code   RO         4255    .text               c_p.l(rt_locale_intlibspace.o)
    0x08000a04   0x08000a04   0x0000001e   Code   RO         4257    .text               c_p.l(_chval.o)
    0x08000a22   0x08000a22   0x00000010   Code   RO         4262    .text               c_p.l(exit.o)
    0x08000a32   0x08000a32   0x00000002   PAD
    0x08000a34   0x08000a34   0x00000088   Code   RO         4283    .text               c_p.l(strcmp.o)
    0x08000abc   0x08000abc   0x0000000c   Code   RO         4330    .text               c_p.l(sys_exit.o)
    0x08000ac8   0x08000ac8   0x00000002   Code   RO         4349    .text               c_p.l(use_no_semi.o)
    0x08000aca   0x08000aca   0x00000000   Code   RO         4351    .text               c_p.l(indicate_semi.o)
    0x08000aca   0x08000aca   0x0000003a   Code   RO         4405    .text               c_p.l(__dczerorl.o)
    0x08000b04   0x08000b04   0x00000090   Code   RO          951    i.ADC_Enable        stm32f0xx_hal_adc.o
    0x08000b94   0x08000b94   0x00000004   Code   RO           12    i.Error_Handler     main.o
    0x08000b98   0x08000b98   0x0000012c   Code   RO          953    i.HAL_ADC_ConfigChannel  stm32f0xx_hal_adc.o
    0x08000cc4   0x08000cc4   0x00000006   Code   RO          960    i.HAL_ADC_GetValue  stm32f0xx_hal_adc.o
    0x08000cca   0x08000cca   0x00000002   PAD
    0x08000ccc   0x08000ccc   0x00000178   Code   RO          962    i.HAL_ADC_Init      stm32f0xx_hal_adc.o
    0x08000e44   0x08000e44   0x00000058   Code   RO          639    i.HAL_ADC_MspInit   adc.o
    0x08000e9c   0x08000e9c   0x000000c6   Code   RO          966    i.HAL_ADC_PollForConversion  stm32f0xx_hal_adc.o
    0x08000f62   0x08000f62   0x00000002   PAD
    0x08000f64   0x08000f64   0x0000005c   Code   RO          968    i.HAL_ADC_Start     stm32f0xx_hal_adc.o
    0x08000fc0   0x08000fc0   0x00000040   Code   RO         1998    i.HAL_DMA_Abort     stm32f0xx_hal_dma.o
    0x08001000   0x08001000   0x00000048   Code   RO         1999    i.HAL_DMA_Abort_IT  stm32f0xx_hal_dma.o
    0x08001048   0x08001048   0x00000024   Code   RO         1273    i.HAL_Delay         stm32f0xx_hal.o
    0x0800106c   0x0800106c   0x000001a4   Code   RO         1937    i.HAL_GPIO_Init     stm32f0xx_hal_gpio.o
    0x08001210   0x08001210   0x0000000a   Code   RO         1939    i.HAL_GPIO_ReadPin  stm32f0xx_hal_gpio.o
    0x0800121a   0x0800121a   0x00000010   Code   RO         1940    i.HAL_GPIO_TogglePin  stm32f0xx_hal_gpio.o
    0x0800122a   0x0800122a   0x0000000c   Code   RO         1941    i.HAL_GPIO_WritePin  stm32f0xx_hal_gpio.o
    0x08001236   0x08001236   0x00000002   PAD
    0x08001238   0x08001238   0x0000000c   Code   RO         1277    i.HAL_GetTick       stm32f0xx_hal.o
    0x08001244   0x08001244   0x0000004a   Code   RO         1884    i.HAL_I2CEx_ConfigAnalogFilter  stm32f0xx_hal_i2c_ex.o
    0x0800128e   0x0800128e   0x00000048   Code   RO         1885    i.HAL_I2CEx_ConfigDigitalFilter  stm32f0xx_hal_i2c_ex.o
    0x080012d6   0x080012d6   0x00000002   PAD
    0x080012d8   0x080012d8   0x000000b4   Code   RO         1437    i.HAL_I2C_Init      stm32f0xx_hal_i2c.o
    0x0800138c   0x0800138c   0x00000120   Code   RO         1438    i.HAL_I2C_IsDeviceReady  stm32f0xx_hal_i2c.o
    0x080014ac   0x080014ac   0x00000154   Code   RO         1455    i.HAL_I2C_Mem_Read  stm32f0xx_hal_i2c.o
    0x08001600   0x08001600   0x0000014c   Code   RO         1458    i.HAL_I2C_Mem_Write  stm32f0xx_hal_i2c.o
    0x0800174c   0x0800174c   0x00000068   Code   RO          677    i.HAL_I2C_MspInit   i2c.o
    0x080017b4   0x080017b4   0x0000006c   Code   RO         2566    i.HAL_IWDG_Init     stm32f0xx_hal_iwdg.o
    0x08001820   0x08001820   0x00000010   Code   RO         2567    i.HAL_IWDG_Refresh  stm32f0xx_hal_iwdg.o
    0x08001830   0x08001830   0x00000010   Code   RO         1283    i.HAL_IncTick       stm32f0xx_hal.o
    0x08001840   0x08001840   0x00000020   Code   RO         1284    i.HAL_Init          stm32f0xx_hal.o
    0x08001860   0x08001860   0x00000044   Code   RO         1285    i.HAL_InitTick      stm32f0xx_hal.o
    0x080018a4   0x080018a4   0x00000028   Code   RO          926    i.HAL_MspInit       stm32f0xx_hal_msp.o
    0x080018cc   0x080018cc   0x00000018   Code   RO         2096    i.HAL_NVIC_EnableIRQ  stm32f0xx_hal_cortex.o
    0x080018e4   0x080018e4   0x00000008   Code   RO         2100    i.HAL_NVIC_SetPriority  stm32f0xx_hal_cortex.o
    0x080018ec   0x080018ec   0x000000f8   Code   RO         1238    i.HAL_RCCEx_PeriphCLKConfig  stm32f0xx_hal_rcc_ex.o
    0x080019e4   0x080019e4   0x00000108   Code   RO         1143    i.HAL_RCC_ClockConfig  stm32f0xx_hal_rcc.o
    0x08001aec   0x08001aec   0x00000020   Code   RO         1150    i.HAL_RCC_GetPCLK1Freq  stm32f0xx_hal_rcc.o
    0x08001b0c   0x08001b0c   0x00000080   Code   RO         1151    i.HAL_RCC_GetSysClockFreq  stm32f0xx_hal_rcc.o
    0x08001b8c   0x08001b8c   0x00000388   Code   RO         1154    i.HAL_RCC_OscConfig  stm32f0xx_hal_rcc.o
    0x08001f14   0x08001f14   0x00000030   Code   RO         2104    i.HAL_SYSTICK_Config  stm32f0xx_hal_cortex.o
    0x08001f44   0x08001f44   0x00000002   Code   RO         3294    i.HAL_TIMEx_BreakCallback  stm32f0xx_hal_tim_ex.o
    0x08001f46   0x08001f46   0x00000002   Code   RO         3295    i.HAL_TIMEx_CommutCallback  stm32f0xx_hal_tim_ex.o
    0x08001f48   0x08001f48   0x00000060   Code   RO         3313    i.HAL_TIMEx_MasterConfigSynchronization  stm32f0xx_hal_tim_ex.o
    0x08001fa8   0x08001fa8   0x00000048   Code   RO         2594    i.HAL_TIM_Base_Init  stm32f0xx_hal_tim.o
    0x08001ff0   0x08001ff0   0x00000034   Code   RO          741    i.HAL_TIM_Base_MspInit  tim.o
    0x08002024   0x08002024   0x00000058   Code   RO         2599    i.HAL_TIM_Base_Start_IT  stm32f0xx_hal_tim.o
    0x0800207c   0x0800207c   0x000000dc   Code   RO         2603    i.HAL_TIM_ConfigClockSource  stm32f0xx_hal_tim.o
    0x08002158   0x08002158   0x00000002   Code   RO         2628    i.HAL_TIM_IC_CaptureCallback  stm32f0xx_hal_tim.o
    0x0800215a   0x0800215a   0x00000162   Code   RO         2642    i.HAL_TIM_IRQHandler  stm32f0xx_hal_tim.o
    0x080022bc   0x080022bc   0x00000002   Code   RO         2645    i.HAL_TIM_OC_DelayElapsedCallback  stm32f0xx_hal_tim.o
    0x080022be   0x080022be   0x00000002   Code   RO         2672    i.HAL_TIM_PWM_PulseFinishedCallback  stm32f0xx_hal_tim.o
    0x080022c0   0x080022c0   0x0000015c   Code   RO           13    i.HAL_TIM_PeriodElapsedCallback  main.o
    0x0800241c   0x0800241c   0x00000002   Code   RO         2685    i.HAL_TIM_TriggerCallback  stm32f0xx_hal_tim.o
    0x0800241e   0x0800241e   0x00000002   Code   RO         3566    i.HAL_UARTEx_RxEventCallback  stm32f0xx_hal_uart.o
    0x08002420   0x08002420   0x00000002   Code   RO         3956    i.HAL_UARTEx_WakeupCallback  stm32f0xx_hal_uart_ex.o
    0x08002422   0x08002422   0x00000002   Code   RO         3582    i.HAL_UART_ErrorCallback  stm32f0xx_hal_uart.o
    0x08002424   0x08002424   0x000002a4   Code   RO         3585    i.HAL_UART_IRQHandler  stm32f0xx_hal_uart.o
    0x080026c8   0x080026c8   0x0000006a   Code   RO         3586    i.HAL_UART_Init     stm32f0xx_hal_uart.o
    0x08002732   0x08002732   0x00000002   PAD
    0x08002734   0x08002734   0x000000b4   Code   RO          779    i.HAL_UART_MspInit  usart.o
    0x080027e8   0x080027e8   0x00000064   Code   RO         3591    i.HAL_UART_Receive_IT  stm32f0xx_hal_uart.o
    0x0800284c   0x0800284c   0x000000e4   Code   RO           14    i.HAL_UART_RxCpltCallback  main.o
    0x08002930   0x08002930   0x000000d2   Code   RO         3595    i.HAL_UART_Transmit  stm32f0xx_hal_uart.o
    0x08002a02   0x08002a02   0x00000002   Code   RO         3598    i.HAL_UART_TxCpltCallback  stm32f0xx_hal_uart.o
    0x08002a04   0x08002a04   0x00000014   Code   RO           15    i.HAL_WWDG_EarlyWakeupCallback  main.o
    0x08002a18   0x08002a18   0x0000001e   Code   RO         4017    i.HAL_WWDG_IRQHandler  stm32f0xx_hal_wwdg.o
    0x08002a36   0x08002a36   0x0000002a   Code   RO         4018    i.HAL_WWDG_Init     stm32f0xx_hal_wwdg.o
    0x08002a60   0x08002a60   0x00000034   Code   RO          822    i.HAL_WWDG_MspInit  wwdg.o
    0x08002a94   0x08002a94   0x0000000a   Code   RO         4020    i.HAL_WWDG_Refresh  stm32f0xx_hal_wwdg.o
    0x08002a9e   0x08002a9e   0x00000002   Code   RO          854    i.HardFault_Handler  stm32f0xx_it.o
    0x08002aa0   0x08002aa0   0x00000022   Code   RO         1484    i.I2C_Flush_TXDR    stm32f0xx_hal_i2c.o
    0x08002ac2   0x08002ac2   0x00000002   PAD
    0x08002ac4   0x08002ac4   0x00000088   Code   RO         1492    i.I2C_IsAcknowledgeFailed  stm32f0xx_hal_i2c.o
    0x08002b4c   0x08002b4c   0x00000060   Code   RO         1495    i.I2C_RequestMemoryRead  stm32f0xx_hal_i2c.o
    0x08002bac   0x08002bac   0x00000060   Code   RO         1496    i.I2C_RequestMemoryWrite  stm32f0xx_hal_i2c.o
    0x08002c0c   0x08002c0c   0x00000028   Code   RO         1499    i.I2C_TransferConfig  stm32f0xx_hal_i2c.o
    0x08002c34   0x08002c34   0x0000004e   Code   RO         1501    i.I2C_WaitOnFlagUntilTimeout  stm32f0xx_hal_i2c.o
    0x08002c82   0x08002c82   0x0000004c   Code   RO         1503    i.I2C_WaitOnSTOPFlagUntilTimeout  stm32f0xx_hal_i2c.o
    0x08002cce   0x08002cce   0x00000050   Code   RO         1504    i.I2C_WaitOnTXISFlagUntilTimeout  stm32f0xx_hal_i2c.o
    0x08002d1e   0x08002d1e   0x00000002   PAD
    0x08002d20   0x08002d20   0x00000068   Code   RO          640    i.MX_ADC_Init       adc.o
    0x08002d88   0x08002d88   0x000000b8   Code   RO          618    i.MX_GPIO_Init      gpio.o
    0x08002e40   0x08002e40   0x00000058   Code   RO          678    i.MX_I2C2_Init      i2c.o
    0x08002e98   0x08002e98   0x0000002c   Code   RO          714    i.MX_IWDG_Init      iwdg.o
    0x08002ec4   0x08002ec4   0x00000070   Code   RO          742    i.MX_TIM1_Init      tim.o
    0x08002f34   0x08002f34   0x00000038   Code   RO          780    i.MX_USART1_UART_Init  usart.o
    0x08002f6c   0x08002f6c   0x00000038   Code   RO          781    i.MX_USART2_UART_Init  usart.o
    0x08002fa4   0x08002fa4   0x00000030   Code   RO          823    i.MX_WWDG_Init      wwdg.o
    0x08002fd4   0x08002fd4   0x00000002   Code   RO          855    i.NMI_Handler       stm32f0xx_it.o
    0x08002fd6   0x08002fd6   0x00000002   Code   RO          856    i.PendSV_Handler    stm32f0xx_it.o
    0x08002fd8   0x08002fd8   0x00000002   Code   RO          857    i.SVC_Handler       stm32f0xx_it.o
    0x08002fda   0x08002fda   0x00000008   Code   RO          858    i.SysTick_Handler   stm32f0xx_it.o
    0x08002fe2   0x08002fe2   0x00000078   Code   RO           16    i.SystemClock_Config  main.o
    0x0800305a   0x0800305a   0x00000002   Code   RO         4061    i.SystemInit        system_stm32f0xx.o
    0x0800305c   0x0800305c   0x00000010   Code   RO          859    i.TIM1_BRK_UP_TRG_COM_IRQHandler  stm32f0xx_it.o
    0x0800306c   0x0800306c   0x00000094   Code   RO         2687    i.TIM_Base_SetConfig  stm32f0xx_hal_tim.o
    0x08003100   0x08003100   0x00000016   Code   RO         2698    i.TIM_ETR_SetConfig  stm32f0xx_hal_tim.o
    0x08003116   0x08003116   0x00000010   Code   RO         2699    i.TIM_ITRx_SetConfig  stm32f0xx_hal_tim.o
    0x08003126   0x08003126   0x00000022   Code   RO         2705    i.TIM_TI1_ConfigInputStage  stm32f0xx_hal_tim.o
    0x08003148   0x08003148   0x00000026   Code   RO         2707    i.TIM_TI2_ConfigInputStage  stm32f0xx_hal_tim.o
    0x0800316e   0x0800316e   0x000000ca   Code   RO         3600    i.UART_AdvFeatureConfig  stm32f0xx_hal_uart.o
    0x08003238   0x08003238   0x00000064   Code   RO         3601    i.UART_CheckIdleState  stm32f0xx_hal_uart.o
    0x0800329c   0x0800329c   0x00000014   Code   RO         3602    i.UART_DMAAbortOnError  stm32f0xx_hal_uart.o
    0x080032b0   0x080032b0   0x0000005e   Code   RO         3612    i.UART_EndRxTransfer  stm32f0xx_hal_uart.o
    0x0800330e   0x0800330e   0x000000a8   Code   RO         3614    i.UART_RxISR_16BIT  stm32f0xx_hal_uart.o
    0x080033b6   0x080033b6   0x000000a8   Code   RO         3615    i.UART_RxISR_8BIT   stm32f0xx_hal_uart.o
    0x0800345e   0x0800345e   0x00000002   PAD
    0x08003460   0x08003460   0x00000134   Code   RO         3616    i.UART_SetConfig    stm32f0xx_hal_uart.o
    0x08003594   0x08003594   0x0000009c   Code   RO         3618    i.UART_Start_Receive_IT  stm32f0xx_hal_uart.o
    0x08003630   0x08003630   0x000000d4   Code   RO         3621    i.UART_WaitOnFlagUntilTimeout  stm32f0xx_hal_uart.o
    0x08003704   0x08003704   0x00000010   Code   RO          860    i.USART1_IRQHandler  stm32f0xx_it.o
    0x08003714   0x08003714   0x00000010   Code   RO          861    i.USART2_IRQHandler  stm32f0xx_it.o
    0x08003724   0x08003724   0x00000010   Code   RO          862    i.WWDG_IRQHandler   stm32f0xx_it.o
    0x08003734   0x08003734   0x00000030   Code   RO         1228    i.__ARM_common_ll_muluu  stm32f0xx_hal_rcc.o
    0x08003764   0x08003764   0x00000044   Code   RO         2106    i.__NVIC_SetPriority  stm32f0xx_hal_cortex.o
    0x080037a8   0x080037a8   0x0000052c   Code   RO           17    i.a9g_start         main.o
    0x08003cd4   0x08003cd4   0x00000134   Code   RO           18    i.add_member        main.o
    0x08003e08   0x08003e08   0x000000e0   Code   RO           20    i.auto_sleep        main.o
    0x08003ee8   0x08003ee8   0x00000070   Code   RO           21    i.battery_          main.o
    0x08003f58   0x08003f58   0x000000bc   Code   RO           22    i.battry            main.o
    0x08004014   0x08004014   0x000000a4   Code   RO           24    i.call_gps          main.o
    0x080040b8   0x080040b8   0x000000c4   Code   RO           25    i.car_off           main.o
    0x0800417c   0x0800417c   0x000000a8   Code   RO           26    i.car_on            main.o
    0x08004224   0x08004224   0x0000016c   Code   RO           27    i.change_pass       main.o
    0x08004390   0x08004390   0x000013f0   Code   RO           28    i.chek_             main.o
    0x08005780   0x08005780   0x000001b8   Code   RO           29    i.chek_a9g_at       main.o
    0x08005938   0x08005938   0x00000138   Code   RO           30    i.chek_sim          main.o
    0x08005a70   0x08005a70   0x00000428   Code   RO           31    i.config            main.o
    0x08005e98   0x08005e98   0x00000050   Code   RO         4094    i.ee24_eraseChip    ee24.o
    0x08005ee8   0x08005ee8   0x00000020   Code   RO         4095    i.ee24_isConnected  ee24.o
    0x08005f08   0x08005f08   0x0000003c   Code   RO         4096    i.ee24_read         ee24.o
    0x08005f44   0x08005f44   0x00000084   Code   RO         4097    i.ee24_write        ee24.o
    0x08005fc8   0x08005fc8   0x0000004c   Code   RO           32    i.eep_add_memb      main.o
    0x08006014   0x08006014   0x0000036c   Code   RO           33    i.eeprom_save       main.o
    0x08006380   0x08006380   0x00000088   Code   RO           34    i.forget_pass       main.o
    0x08006408   0x08006408   0x000000a0   Code   RO           39    i.input_sms_chek    main.o
    0x080064a8   0x080064a8   0x0000015c   Code   RO           40    i.main              main.o
    0x08006604   0x08006604   0x00000028   Code   RO           41    i.map               main.o
    0x0800662c   0x0800662c   0x00000044   Code   RO           42    i.map2              main.o
    0x08006670   0x08006670   0x00000638   Code   RO           44    i.power_chek        main.o
    0x08006ca8   0x08006ca8   0x00000814   Code   RO           45    i.read_eeprom_      main.o
    0x080074bc   0x080074bc   0x00000070   Code   RO           47    i.reset_            main.o
    0x0800752c   0x0800752c   0x00000048   Code   RO           48    i.reset_gps_        main.o
    0x08007574   0x08007574   0x000001d4   Code   RO           49    i.reset_network     main.o
    0x08007748   0x08007748   0x000000c0   Code   RO           50    i.security_off      main.o
    0x08007808   0x08007808   0x00000100   Code   RO           51    i.security_on       main.o
    0x08007908   0x08007908   0x00000054   Code   RO           52    i.send_atcammand    main.o
    0x0800795c   0x0800795c   0x00000124   Code   RO           53    i.send_eeprom_server  main.o
    0x08007a80   0x08007a80   0x00000164   Code   RO           54    i.send_location_sms  main.o
    0x08007be4   0x08007be4   0x000001b8   Code   RO           55    i.send_sms          main.o
    0x08007d9c   0x08007d9c   0x0000002c   Code   RO           56    i.send_sms_server   main.o
    0x08007dc8   0x08007dc8   0x0000012c   Code   RO           60    i.server_eeprom_save  main.o
    0x08007ef4   0x08007ef4   0x0000003c   Code   RO           61    i.show_uart         main.o
    0x08007f30   0x08007f30   0x00000368   Code   RO           63    i.sleep_            main.o
    0x08008298   0x08008298   0x000000cc   Code   RO           64    i.sleep_off         main.o
    0x08008364   0x08008364   0x000000ec   Code   RO           65    i.sleep_on          main.o
    0x08008450   0x08008450   0x000000d0   Code   RO           66    i.sleep_on2         main.o
    0x08008520   0x08008520   0x00000038   Code   RO           67    i.sms_chek          main.o
    0x08008558   0x08008558   0x000000c8   Code   RO           69    i.speed_off         main.o
    0x08008620   0x08008620   0x00000104   Code   RO           70    i.speed_on          main.o
    0x08008724   0x08008724   0x00000040   Code   RO           71    i.substring         main.o
    0x08008764   0x08008764   0x00000218   Code   RO           73    i.uart1_            main.o
    0x0800897c   0x0800897c   0x0000002c   Code   RO         4260    locale$$code        c_p.l(lc_ctype_c.o)
    0x080089a8   0x080089a8   0x00000010   Data   RO         4062    .constdata          system_stm32f0xx.o
    0x080089b8   0x080089b8   0x00000008   Data   RO         4063    .constdata          system_stm32f0xx.o
    0x080089c0   0x080089c0   0x00000020   Data   RO         4403    Region$$Table       anon$$obj.o
    0x080089e0   0x080089e0   0x00000110   Data   RO         4259    locale$$data        c_p.l(lc_ctype_c.o)


    Execution Region RW_IRAM1 (Exec base: 0x20000000, Load base: 0x08008af0, Size: 0x00001b90, Max: 0x00002000, ABSOLUTE, COMPRESSED[0x00000030])

    Exec Addr    Load Addr    Size         Type   Attr      Idx    E Section Name        Object

    0x20000000   COMPRESSED   0x0000024f   Data   RW           91    .data               main.o
    0x2000024f   COMPRESSED   0x00000001   PAD
    0x20000250   COMPRESSED   0x0000000c   Data   RW         1291    .data               stm32f0xx_hal.o
    0x2000025c   COMPRESSED   0x00000004   Data   RW         4064    .data               system_stm32f0xx.o
    0x20000260   COMPRESSED   0x00000001   Data   RW         4098    .data               ee24.o
    0x20000261   COMPRESSED   0x00000003   PAD
    0x20000264        -       0x000010c8   Zero   RW           74    .bss                main.o
    0x2000132c        -       0x00000040   Zero   RW          641    .bss                adc.o
    0x2000136c        -       0x0000004c   Zero   RW          679    .bss                i2c.o
    0x200013b8        -       0x00000010   Zero   RW          715    .bss                iwdg.o
    0x200013c8        -       0x00000048   Zero   RW          743    .bss                tim.o
    0x20001410        -       0x00000108   Zero   RW          782    .bss                usart.o
    0x20001518        -       0x00000014   Zero   RW          824    .bss                wwdg.o
    0x2000152c        -       0x00000060   Zero   RW         4224    .bss                c_p.l(libspace.o)
    0x2000158c   COMPRESSED   0x00000004   PAD
    0x20001590        -       0x00000200   Zero   RW            2    HEAP                startup_stm32f051x8.o
    0x20001790        -       0x00000400   Zero   RW            1    STACK               startup_stm32f051x8.o


==============================================================================

Image component sizes


      Code (inc. data)   RO Data    RW Data    ZI Data      Debug   Object Name

       192         18          0          0         64       1611   adc.o
       304         56          0          1          0       3321   ee24.o
       184         18          0          0          0        907   gpio.o
       192         26          0          0         76       1577   i2c.o
        44         12          0          0         16        647   iwdg.o
     21364       6008          0        591       4296     387377   main.o
        56         26        188          0       1536        624   startup_stm32f051x8.o
       164         30          0         12          0       8105   stm32f0xx_hal.o
      1116         46          0          0          0       5610   stm32f0xx_hal_adc.o
       148         24          0          0          0      10249   stm32f0xx_hal_cortex.o
       136          0          0          0          0       1703   stm32f0xx_hal_dma.o
       458         24          0          0          0       3276   stm32f0xx_hal_gpio.o
      1776         44          0          0          0      12454   stm32f0xx_hal_i2c.o
       146          0          0          0          0       1859   stm32f0xx_hal_i2c_ex.o
       124         20          0          0          0       1815   stm32f0xx_hal_iwdg.o
        40          6          0          0          0        802   stm32f0xx_hal_msp.o
      1376         92          0          0          0       4581   stm32f0xx_hal_rcc.o
       248         12          0          0          0       1352   stm32f0xx_hal_rcc_ex.o
      1000         38          0          0          0       9305   stm32f0xx_hal_tim.o
       100         12          0          0          0       2305   stm32f0xx_hal_tim_ex.o
      2526         60          0          0          0      20301   stm32f0xx_hal_uart.o
         2          0          0          0          0        968   stm32f0xx_hal_uart_ex.o
        82          0          0          0          0       2097   stm32f0xx_hal_wwdg.o
        80         24          0          0          0       3870   stm32f0xx_it.o
         2          0         24          4          0       1075   system_stm32f0xx.o
       164         20          0          0         72       1582   tim.o
       292         30          0          0        264       2239   usart.o
       100         16          0          0         20       1438   wwdg.o

    ----------------------------------------------------------------------
     32432       6662        244        612       6344     493050   Object Totals
         0          0         32          0          0          0   (incl. Generated)
        16          0          0          4          0          0   (incl. Padding)

    ----------------------------------------------------------------------

      Code (inc. data)   RO Data    RW Data    ZI Data      Debug   Library Member Name

        58          0          0          0          0          0   __dczerorl.o
         8          0          0          0          0         68   __main.o
       108          0          0          0          0         76   __printf.o
         0          0          0          0          0          0   __rtentry.o
        12          0          0          0          0          0   __rtentry2.o
         6          0          0          0          0          0   __rtentry4.o
        60          8          0          0          0          0   __scatter.o
        28          0          0          0          0          0   __scatter_zi.o
        30          0          0          0          0         60   _chval.o
        10          0          0          0          0          0   _printf_c.o
        46          0          0          0          0        100   _printf_char.o
        48          6          0          0          0         88   _printf_char_common.o
        10          0          0          0          0          0   _printf_d.o
       108         18          0          0          0         76   _printf_dec.o
       176          0          0          0          0         84   _printf_intcommon.o
         2          0          0          0          0          0   _printf_percent.o
         4          0          0          0          0          0   _printf_percent_end.o
        82          0          0          0          0         72   _printf_str.o
        10          0          0          0          0         60   _sputc.o
       166          0          0          0          0         84   _strtoul.o
       346          0          0          0          0         92   aeabi_sdiv.o
        26          0          0          0          0         72   atoi.o
        16          0          0          0          0         68   exit.o
         6          0          0          0          0        136   heapauxi.o
         0          0          0          0          0          0   indicate_semi.o
        44         10        272          0          0         76   lc_ctype_c.o
         2          0          0          0          0          0   libinit.o
        20          0          0          0          0          0   libinit2.o
         2          0          0          0          0          0   libshutdown.o
         2          0          0          0          0          0   libshutdown2.o
         8          4          0          0         96         68   libspace.o
       258          0          0          0          0         88   lludiv.o
        40          4          0          0          0         84   noretval__2sprintf.o
        16          4          0          0          0         76   rt_ctype_table.o
         8          4          0          0          0         68   rt_errno_addr_intlibspace.o
         8          4          0          0          0         68   rt_locale_intlibspace.o
        64          0          0          0          0        108   rt_memclr.o
       186          0          0          0          0        144   rt_memcpy.o
         2          0          0          0          0          0   rtexit.o
        10          0          0          0          0          0   rtexit2.o
        40          0          0          0          0         60   rtudiv10.o
        24          0          0          0          0         60   strcat.o
       136          4          0          0          0         72   strcmp.o
        76          6          0          0          0         72   strcpy.o
        68          6          0          0          0         72   strlen.o
        40          0          0          0          0         72   strstr.o
       112          4          0          0          0         76   strtol.o
        12          4          0          0          0         60   sys_exit.o
        62          0          0          0          0         80   sys_stackheap_outer.o
         2          0          0          0          0         68   use_no_semi.o

    ----------------------------------------------------------------------
      2620         86        272          0        100       2608   Library Totals
        12          0          0          0          4          0   (incl. Padding)

    ----------------------------------------------------------------------

      Code (inc. data)   RO Data    RW Data    ZI Data      Debug   Library Name

      2608         86        272          0         96       2608   c_p.l

    ----------------------------------------------------------------------
      2620         86        272          0        100       2608   Library Totals

    ----------------------------------------------------------------------

==============================================================================


      Code (inc. data)   RO Data    RW Data    ZI Data      Debug   

     35052       6748        516        612       6444     487690   Grand Totals
     35052       6748        516         48       6444     487690   ELF Image Totals (compressed)
     35052       6748        516         48          0          0   ROM Totals

==============================================================================

    Total RO  Size (Code + RO Data)                35568 (  34.73kB)
    Total RW  Size (RW Data + ZI Data)              7056 (   6.89kB)
    Total ROM Size (Code + RO Data + RW Data)      35616 (  34.78kB)

==============================================================================

